Timing Violation Report Max Delay Analysis

SmartTime Version v11.8
Microsemi Corporation - Microsemi Libero Software Release v11.8 (Version 11.8.0.26)
Date: Tue Jul 04 11:26:29 2017


Design: PROC_SUBSYSTEM
Family: SmartFusion2
Die: M2S150
Package: 1152 FC
Temperature Range: 0 - 85 C
Voltage Range: 1.14 - 1.26 V
Speed Grade: STD
Design State: Post-Layout
Data source: Production
Min Operating Conditions: BEST - 1.26 V - 0 C
Max Operating Conditions: WORST - 1.14 V - 85 C
Scenario for Timing Analysis: timing_analysis


Path 1
  From:                        MSS_SUBSYSTEM_sb_0/MSS_SUBSYSTEM_sb_MSS_0/MSS_ADLIB_INST/INST_MSS_120_IP:CLK_BASE
  To:                          COREAXITOAHBL_1/U_AHBMasterCtrl/HADDRInt[31]:D
  Delay (ns):                  11.224                                                                          
  Slack (ns):                  0.223                                                                           
  Arrival (ns):                17.831                                                                          
  Required (ns):               18.054                                                                          

Path 2
  From:                        MSS_SUBSYSTEM_sb_0/MSS_SUBSYSTEM_sb_MSS_0/MSS_ADLIB_INST/INST_MSS_120_IP:CLK_BASE
  To:                          COREAXITOAHBL_1/U_AHBMasterCtrl/HADDRInt[29]:D
  Delay (ns):                  11.198                                                                          
  Slack (ns):                  0.249                                                                           
  Arrival (ns):                17.805                                                                          
  Required (ns):               18.054                                                                          

Path 3
  From:                        MSS_SUBSYSTEM_sb_0/MSS_SUBSYSTEM_sb_MSS_0/MSS_ADLIB_INST/INST_MSS_120_IP:CLK_BASE
  To:                          COREAXITOAHBL_1/U_AHBMasterCtrl/HADDRInt[28]:D
  Delay (ns):                  11.145                                                                          
  Slack (ns):                  0.292                                                                           
  Arrival (ns):                17.752                                                                          
  Required (ns):               18.044                                                                          

Path 4
  From:                        MSS_SUBSYSTEM_sb_0/MSS_SUBSYSTEM_sb_MSS_0/MSS_ADLIB_INST/INST_MSS_120_IP:CLK_BASE
  To:                          COREAXITOAHBL_1/U_AHBMasterCtrl/HADDRInt[26]:D
  Delay (ns):                  11.141                                                                          
  Slack (ns):                  0.296                                                                           
  Arrival (ns):                17.748                                                                          
  Required (ns):               18.044                                                                          

Path 5
  From:                        MSS_SUBSYSTEM_sb_0/MSS_SUBSYSTEM_sb_MSS_0/MSS_ADLIB_INST/INST_MSS_120_IP:CLK_BASE
  To:                          COREAXITOAHBL_1/U_AHBMasterCtrl/HADDRInt[23]:D
  Delay (ns):                  11.132                                                                          
  Slack (ns):                  0.333                                                                           
  Arrival (ns):                17.739                                                                          
  Required (ns):               18.072                                                                          

Path 6
  From:                        MSS_SUBSYSTEM_sb_0/MSS_SUBSYSTEM_sb_MSS_0/MSS_ADLIB_INST/INST_MSS_120_IP:CLK_BASE
  To:                          COREAXITOAHBL_1/U_AHBMasterCtrl/HADDRInt[30]:D
  Delay (ns):                  11.083                                                                          
  Slack (ns):                  0.354                                                                           
  Arrival (ns):                17.690                                                                          
  Required (ns):               18.044                                                                          

Path 7
  From:                        MSS_SUBSYSTEM_sb_0/MSS_SUBSYSTEM_sb_MSS_0/MSS_ADLIB_INST/INST_MSS_120_IP:CLK_BASE
  To:                          COREAXITOAHBL_1/U_AHBMasterCtrl/HADDRInt[25]:D
  Delay (ns):                  11.086                                                                          
  Slack (ns):                  0.361                                                                           
  Arrival (ns):                17.693                                                                          
  Required (ns):               18.054                                                                          

Path 8
  From:                        MSS_SUBSYSTEM_sb_0/MSS_SUBSYSTEM_sb_MSS_0/MSS_ADLIB_INST/INST_MSS_120_IP:CLK_BASE
  To:                          COREAXITOAHBL_1/U_AHBMasterCtrl/HADDRInt[20]:D
  Delay (ns):                  11.079                                                                          
  Slack (ns):                  0.371                                                                           
  Arrival (ns):                17.686                                                                          
  Required (ns):               18.057                                                                          

Path 9
  From:                        MSS_SUBSYSTEM_sb_0/MSS_SUBSYSTEM_sb_MSS_0/MSS_ADLIB_INST/INST_MSS_120_IP:CLK_BASE
  To:                          COREAXITOAHBL_1/U_AHBMasterCtrl/HADDRInt[27]:D
  Delay (ns):                  11.066                                                                          
  Slack (ns):                  0.381                                                                           
  Arrival (ns):                17.673                                                                          
  Required (ns):               18.054                                                                          

Path 10
  From:                        MSS_SUBSYSTEM_sb_0/MSS_SUBSYSTEM_sb_MSS_0/MSS_ADLIB_INST/INST_MSS_120_IP:CLK_BASE
  To:                          COREAXITOAHBL_1/U_AHBMasterCtrl/HADDRInt[22]:D
  Delay (ns):                  11.064                                                                          
  Slack (ns):                  0.386                                                                           
  Arrival (ns):                17.671                                                                          
  Required (ns):               18.057                                                                          

Path 11
  From:                        MSS_SUBSYSTEM_sb_0/MSS_SUBSYSTEM_sb_MSS_0/MSS_ADLIB_INST/INST_MSS_120_IP:CLK_BASE
  To:                          COREAXITOAHBL_1/U_AHBMasterCtrl/HADDRInt[24]:D
  Delay (ns):                  11.008                                                                          
  Slack (ns):                  0.429                                                                           
  Arrival (ns):                17.615                                                                          
  Required (ns):               18.044                                                                          

Path 12
  From:                        MSS_SUBSYSTEM_sb_0/MSS_SUBSYSTEM_sb_MSS_0/MSS_ADLIB_INST/INST_MSS_120_IP:CLK_BASE
  To:                          COREAXITOAHBL_1/U_AHBMasterCtrl/HADDRInt[19]:D
  Delay (ns):                  11.005                                                                          
  Slack (ns):                  0.460                                                                           
  Arrival (ns):                17.612                                                                          
  Required (ns):               18.072                                                                          

Path 13
  From:                        MSS_SUBSYSTEM_sb_0/MSS_SUBSYSTEM_sb_MSS_0/MSS_ADLIB_INST/INST_MSS_120_IP:CLK_BASE
  To:                          COREAXITOAHBL_1/U_AHBMasterCtrl/HADDRInt[2]:D
  Delay (ns):                  10.966                                                                          
  Slack (ns):                  0.479                                                                           
  Arrival (ns):                17.573                                                                          
  Required (ns):               18.052                                                                          

Path 14
  From:                        MSS_SUBSYSTEM_sb_0/MSS_SUBSYSTEM_sb_MSS_0/MSS_ADLIB_INST/INST_MSS_120_IP:CLK_BASE
  To:                          COREAXITOAHBL_1/U_AHBMasterCtrl/HADDRInt[17]:D
  Delay (ns):                  10.979                                                                          
  Slack (ns):                  0.486                                                                           
  Arrival (ns):                17.586                                                                          
  Required (ns):               18.072                                                                          

Path 15
  From:                        MSS_SUBSYSTEM_sb_0/MSS_SUBSYSTEM_sb_MSS_0/MSS_ADLIB_INST/INST_MSS_120_IP:CLK_BASE
  To:                          COREAXITOAHBL_1/U_AHBMasterCtrl/HADDRInt[21]:D
  Delay (ns):                  10.961                                                                          
  Slack (ns):                  0.503                                                                           
  Arrival (ns):                17.568                                                                          
  Required (ns):               18.071                                                                          

Path 16
  From:                        MSS_SUBSYSTEM_sb_0/MSS_SUBSYSTEM_sb_MSS_0/MSS_ADLIB_INST/INST_MSS_120_IP:CLK_BASE
  To:                          COREAXITOAHBL_1/U_AHBMasterCtrl/HADDRInt[16]:D
  Delay (ns):                  10.926                                                                          
  Slack (ns):                  0.524                                                                           
  Arrival (ns):                17.533                                                                          
  Required (ns):               18.057                                                                          

Path 17
  From:                        MSS_SUBSYSTEM_sb_0/MSS_SUBSYSTEM_sb_MSS_0/MSS_ADLIB_INST/INST_MSS_120_IP:CLK_BASE
  To:                          COREAXITOAHBL_1/U_AHBMasterCtrl/HADDRInt[14]:D
  Delay (ns):                  10.922                                                                          
  Slack (ns):                  0.528                                                                           
  Arrival (ns):                17.529                                                                          
  Required (ns):               18.057                                                                          

Path 18
  From:                        MSS_SUBSYSTEM_sb_0/MSS_SUBSYSTEM_sb_MSS_0/MSS_ADLIB_INST/INST_MSS_120_IP:CLK_BASE
  To:                          COREAXITOAHBL_1/U_AHBMasterCtrl/HADDRInt[11]:D
  Delay (ns):                  10.913                                                                          
  Slack (ns):                  0.547                                                                           
  Arrival (ns):                17.520                                                                          
  Required (ns):               18.067                                                                          

Path 19
  From:                        MSS_SUBSYSTEM_sb_0/MSS_SUBSYSTEM_sb_MSS_0/MSS_ADLIB_INST/INST_MSS_120_IP:CLK_BASE
  To:                          COREAXITOAHBL_1/U_AHBMasterCtrl/HADDRInt[8]:D
  Delay (ns):                  10.860                                                                          
  Slack (ns):                  0.586                                                                           
  Arrival (ns):                17.467                                                                          
  Required (ns):               18.053                                                                          

Path 20
  From:                        MSS_SUBSYSTEM_sb_0/MSS_SUBSYSTEM_sb_MSS_0/MSS_ADLIB_INST/INST_MSS_120_IP:CLK_BASE
  To:                          COREAXITOAHBL_1/U_AHBMasterCtrl/HADDRInt[18]:D
  Delay (ns):                  10.864                                                                          
  Slack (ns):                  0.586                                                                           
  Arrival (ns):                17.471                                                                          
  Required (ns):               18.057                                                                          

Path 21
  From:                        MSS_SUBSYSTEM_sb_0/MSS_SUBSYSTEM_sb_MSS_0/MSS_ADLIB_INST/INST_MSS_120_IP:CLK_BASE
  To:                          COREAXITOAHBL_1/U_AHBMasterCtrl/HADDRInt[13]:D
  Delay (ns):                  10.867                                                                          
  Slack (ns):                  0.597                                                                           
  Arrival (ns):                17.474                                                                          
  Required (ns):               18.071                                                                          

Path 22
  From:                        MSS_SUBSYSTEM_sb_0/MSS_SUBSYSTEM_sb_MSS_0/MSS_ADLIB_INST/INST_MSS_120_IP:CLK_BASE
  To:                          COREAXITOAHBL_1/U_AHBMasterCtrl/HADDRInt[10]:D
  Delay (ns):                  10.844                                                                          
  Slack (ns):                  0.602                                                                           
  Arrival (ns):                17.451                                                                          
  Required (ns):               18.053                                                                          

Path 23
  From:                        MSS_SUBSYSTEM_sb_0/MSS_SUBSYSTEM_sb_MSS_0/MSS_ADLIB_INST/INST_MSS_120_IP:CLK_BASE
  To:                          COREAXITOAHBL_1/U_AHBMasterCtrl/HADDRInt[15]:D
  Delay (ns):                  10.847                                                                          
  Slack (ns):                  0.617                                                                           
  Arrival (ns):                17.454                                                                          
  Required (ns):               18.071                                                                          

Path 24
  From:                        MSS_SUBSYSTEM_sb_0/MSS_SUBSYSTEM_sb_MSS_0/MSS_ADLIB_INST/INST_MSS_120_IP:CLK_BASE
  To:                          COREAXITOAHBL_1/U_AHBMasterCtrl/HADDRInt[12]:D
  Delay (ns):                  10.789                                                                          
  Slack (ns):                  0.661                                                                           
  Arrival (ns):                17.396                                                                          
  Required (ns):               18.057                                                                          

Path 25
  From:                        MSS_SUBSYSTEM_sb_0/MSS_SUBSYSTEM_sb_MSS_0/MSS_ADLIB_INST/INST_MSS_120_IP:CLK_BASE
  To:                          COREAXITOAHBL_1/U_AHBMasterCtrl/HADDRInt[7]:D
  Delay (ns):                  10.785                                                                          
  Slack (ns):                  0.675                                                                           
  Arrival (ns):                17.392                                                                          
  Required (ns):               18.067                                                                          

Path 26
  From:                        COREAXITOAHBL_1/U_AHBMasterCtrl/wrFIFORdAddr[2]:CLK
  To:                          MSS_SUBSYSTEM_sb_0/MSS_SUBSYSTEM_sb_MSS_0/MSS_ADLIB_INST/INST_MSS_120_IP:F_WDATA_HWDATA01[22]
  Delay (ns):                  10.057                                                                          
  Slack (ns):                  0.685                                                                           
  Arrival (ns):                16.357                                                                          
  Required (ns):               17.042                                                                          

Path 27
  From:                        MSS_SUBSYSTEM_sb_0/MSS_SUBSYSTEM_sb_MSS_0/MSS_ADLIB_INST/INST_MSS_120_IP:CLK_BASE
  To:                          COREAXITOAHBL_1/U_AHBMasterCtrl/HADDRInt[9]:D
  Delay (ns):                  10.741                                                                          
  Slack (ns):                  0.718                                                                           
  Arrival (ns):                17.348                                                                          
  Required (ns):               18.066                                                                          

Path 28
  From:                        COREAXITOAHBL_1/U_AHBMasterCtrl/wrFIFORdAddr[2]:CLK
  To:                          MSS_SUBSYSTEM_sb_0/MSS_SUBSYSTEM_sb_MSS_0/MSS_ADLIB_INST/INST_MSS_120_IP:F_WDATA_HWDATA01[28]
  Delay (ns):                  9.988                                                                           
  Slack (ns):                  0.733                                                                           
  Arrival (ns):                16.288                                                                          
  Required (ns):               17.021                                                                          

Path 29
  From:                        COREAXITOAHBL_1/U_AHBMasterCtrl/wrFIFORdAddr[3]:CLK
  To:                          MSS_SUBSYSTEM_sb_0/MSS_SUBSYSTEM_sb_MSS_0/MSS_ADLIB_INST/INST_MSS_120_IP:F_WDATA_HWDATA01[22]
  Delay (ns):                  9.979                                                                           
  Slack (ns):                  0.745                                                                           
  Arrival (ns):                16.279                                                                          
  Required (ns):               17.024                                                                          

Path 30
  From:                        MSS_SUBSYSTEM_sb_0/MSS_SUBSYSTEM_sb_MSS_0/MSS_ADLIB_INST/INST_MSS_120_IP:CLK_BASE
  To:                          COREAXITOAHBL_1/U_AHBMasterCtrl/HADDRInt[6]:D
  Delay (ns):                  10.682                                                                          
  Slack (ns):                  0.764                                                                           
  Arrival (ns):                17.289                                                                          
  Required (ns):               18.053                                                                          

Path 31
  From:                        COREAXITOAHBL_1/U_AHBMasterCtrl/wrFIFORdAddr[3]:CLK
  To:                          MSS_SUBSYSTEM_sb_0/MSS_SUBSYSTEM_sb_MSS_0/MSS_ADLIB_INST/INST_MSS_120_IP:F_WDATA_HWDATA01[28]
  Delay (ns):                  9.954                                                                           
  Slack (ns):                  0.767                                                                           
  Arrival (ns):                16.254                                                                          
  Required (ns):               17.021                                                                          

Path 32
  From:                        MSS_SUBSYSTEM_sb_0/MSS_SUBSYSTEM_sb_MSS_0/MSS_ADLIB_INST/INST_MSS_120_IP:CLK_BASE
  To:                          COREAXITOAHBL_1/U_AHBMasterCtrl/HADDRInt[5]:D
  Delay (ns):                  10.654                                                                          
  Slack (ns):                  0.806                                                                           
  Arrival (ns):                17.261                                                                          
  Required (ns):               18.067                                                                          

Path 33
  From:                        COREAXITOAHBL_1/U_AHBMasterCtrl/wrFIFORdAddr[2]:CLK
  To:                          MSS_SUBSYSTEM_sb_0/MSS_SUBSYSTEM_sb_MSS_0/MSS_ADLIB_INST/INST_MSS_120_IP:F_WDATA_HWDATA01[20]
  Delay (ns):                  9.902                                                                           
  Slack (ns):                  0.810                                                                           
  Arrival (ns):                16.202                                                                          
  Required (ns):               17.012                                                                          

Path 34
  From:                        COREAXITOAHBL_1/U_AHBMasterCtrl/wrFIFORdAddr[3]:CLK
  To:                          MSS_SUBSYSTEM_sb_0/MSS_SUBSYSTEM_sb_MSS_0/MSS_ADLIB_INST/INST_MSS_120_IP:F_WDATA_HWDATA01[20]
  Delay (ns):                  9.869                                                                           
  Slack (ns):                  0.843                                                                           
  Arrival (ns):                16.169                                                                          
  Required (ns):               17.012                                                                          

Path 35
  From:                        MSS_SUBSYSTEM_sb_0/MSS_SUBSYSTEM_sb_MSS_0/MSS_ADLIB_INST/INST_MSS_120_IP:CLK_BASE
  To:                          COREAXITOAHBL_1/U_AHBMasterCtrl/HADDRInt[4]:D
  Delay (ns):                  10.600                                                                          
  Slack (ns):                  0.846                                                                           
  Arrival (ns):                17.207                                                                          
  Required (ns):               18.053                                                                          

Path 36
  From:                        COREAXITOAHBL_1/U_AHBMasterCtrl/wrFIFORdAddr[2]:CLK
  To:                          MSS_SUBSYSTEM_sb_0/MSS_SUBSYSTEM_sb_MSS_0/MSS_ADLIB_INST/INST_MSS_120_IP:F_WDATA_HWDATA01[24]
  Delay (ns):                  9.893                                                                           
  Slack (ns):                  0.862                                                                           
  Arrival (ns):                16.193                                                                          
  Required (ns):               17.055                                                                          

Path 37
  From:                        COREAXITOAHBL_1/U_AHBMasterCtrl/wrFIFORdAddr[2]:CLK
  To:                          MSS_SUBSYSTEM_sb_0/MSS_SUBSYSTEM_sb_MSS_0/MSS_ADLIB_INST/INST_MSS_120_IP:F_WDATA_HWDATA01[26]
  Delay (ns):                  9.856                                                                           
  Slack (ns):                  0.913                                                                           
  Arrival (ns):                16.156                                                                          
  Required (ns):               17.069                                                                          

Path 38
  From:                        COREAXITOAHBL_1/U_AHBMasterCtrl/wrFIFORdAddr[2]:CLK
  To:                          MSS_SUBSYSTEM_sb_0/MSS_SUBSYSTEM_sb_MSS_0/MSS_ADLIB_INST/INST_MSS_120_IP:F_WDATA_HWDATA01[30]
  Delay (ns):                  9.893                                                                           
  Slack (ns):                  0.917                                                                           
  Arrival (ns):                16.193                                                                          
  Required (ns):               17.110                                                                          

Path 39
  From:                        COREAXITOAHBL_1/U_AHBMasterCtrl/wrFIFORdAddr[2]:CLK
  To:                          MSS_SUBSYSTEM_sb_0/MSS_SUBSYSTEM_sb_MSS_0/MSS_ADLIB_INST/INST_MSS_120_IP:F_WDATA_HWDATA01[19]
  Delay (ns):                  9.817                                                                           
  Slack (ns):                  0.926                                                                           
  Arrival (ns):                16.117                                                                          
  Required (ns):               17.043                                                                          

Path 40
  From:                        COREAXITOAHBL_1/U_AHBMasterCtrl/wrFIFORdAddr[2]:CLK
  To:                          MSS_SUBSYSTEM_sb_0/MSS_SUBSYSTEM_sb_MSS_0/MSS_ADLIB_INST/INST_MSS_120_IP:F_WDATA_HWDATA01[29]
  Delay (ns):                  9.781                                                                           
  Slack (ns):                  0.932                                                                           
  Arrival (ns):                16.081                                                                          
  Required (ns):               17.013                                                                          

Path 41
  From:                        MSS_SUBSYSTEM_sb_0/MSS_SUBSYSTEM_sb_MSS_0/MSS_ADLIB_INST/INST_MSS_120_IP:CLK_BASE
  To:                          COREAXITOAHBL_1/U_AHBMasterCtrl/HADDRInt[3]:D
  Delay (ns):                  10.516                                                                          
  Slack (ns):                  0.944                                                                           
  Arrival (ns):                17.123                                                                          
  Required (ns):               18.067                                                                          

Path 42
  From:                        COREAXITOAHBL_1/U_AHBMasterCtrl/wrFIFORdAddr[3]:CLK
  To:                          MSS_SUBSYSTEM_sb_0/MSS_SUBSYSTEM_sb_MSS_0/MSS_ADLIB_INST/INST_MSS_120_IP:F_WDATA_HWDATA01[24]
  Delay (ns):                  9.841                                                                           
  Slack (ns):                  0.944                                                                           
  Arrival (ns):                16.141                                                                          
  Required (ns):               17.085                                                                          

Path 43
  From:                        COREAXITOAHBL_1/U_AHBMasterCtrl/wrFIFORdAddr[3]:CLK
  To:                          MSS_SUBSYSTEM_sb_0/MSS_SUBSYSTEM_sb_MSS_0/MSS_ADLIB_INST/INST_MSS_120_IP:F_WDATA_HWDATA01[30]
  Delay (ns):                  9.859                                                                           
  Slack (ns):                  0.951                                                                           
  Arrival (ns):                16.159                                                                          
  Required (ns):               17.110                                                                          

Path 44
  From:                        COREAXITOAHBL_1/U_AHBMasterCtrl/wrFIFORdAddr[3]:CLK
  To:                          MSS_SUBSYSTEM_sb_0/MSS_SUBSYSTEM_sb_MSS_0/MSS_ADLIB_INST/INST_MSS_120_IP:F_WDATA_HWDATA01[19]
  Delay (ns):                  9.783                                                                           
  Slack (ns):                  0.960                                                                           
  Arrival (ns):                16.083                                                                          
  Required (ns):               17.043                                                                          

Path 45
  From:                        COREAXITOAHBL_1/U_AHBMasterCtrl/wrFIFORdAddr[3]:CLK
  To:                          MSS_SUBSYSTEM_sb_0/MSS_SUBSYSTEM_sb_MSS_0/MSS_ADLIB_INST/INST_MSS_120_IP:F_WDATA_HWDATA01[29]
  Delay (ns):                  9.747                                                                           
  Slack (ns):                  0.966                                                                           
  Arrival (ns):                16.047                                                                          
  Required (ns):               17.013                                                                          

Path 46
  From:                        COREAXITOAHBL_1/U_AHBMasterCtrl/wrFIFORdAddr[3]:CLK
  To:                          MSS_SUBSYSTEM_sb_0/MSS_SUBSYSTEM_sb_MSS_0/MSS_ADLIB_INST/INST_MSS_120_IP:F_WDATA_HWDATA01[26]
  Delay (ns):                  9.780                                                                           
  Slack (ns):                  0.974                                                                           
  Arrival (ns):                16.080                                                                          
  Required (ns):               17.054                                                                          

Path 47
  From:                        COREAXITOAHBL_1/U_AHBMasterCtrl/wrFIFORdAddr[2]:CLK
  To:                          MSS_SUBSYSTEM_sb_0/MSS_SUBSYSTEM_sb_MSS_0/MSS_ADLIB_INST/INST_MSS_120_IP:F_WDATA_HWDATA01[25]
  Delay (ns):                  9.753                                                                           
  Slack (ns):                  0.988                                                                           
  Arrival (ns):                16.053                                                                          
  Required (ns):               17.041                                                                          

Path 48
  From:                        COREAXITOAHBL_1/U_AHBMasterCtrl/wrFIFORdAddr[2]:CLK
  To:                          MSS_SUBSYSTEM_sb_0/MSS_SUBSYSTEM_sb_MSS_0/MSS_ADLIB_INST/INST_MSS_120_IP:F_WDATA_HWDATA01[31]
  Delay (ns):                  9.714                                                                           
  Slack (ns):                  0.995                                                                           
  Arrival (ns):                16.014                                                                          
  Required (ns):               17.009                                                                          

Path 49
  From:                        COREAXITOAHBL_1/U_AHBMasterCtrl/wrFIFORdAddr[1]:CLK
  To:                          MSS_SUBSYSTEM_sb_0/MSS_SUBSYSTEM_sb_MSS_0/MSS_ADLIB_INST/INST_MSS_120_IP:F_WDATA_HWDATA01[28]
  Delay (ns):                  9.727                                                                           
  Slack (ns):                  1.005                                                                           
  Arrival (ns):                16.016                                                                          
  Required (ns):               17.021                                                                          

Path 50
  From:                        COREAXITOAHBL_1/U_AHBMasterCtrl/wrFIFORdAddr[3]:CLK
  To:                          MSS_SUBSYSTEM_sb_0/MSS_SUBSYSTEM_sb_MSS_0/MSS_ADLIB_INST/INST_MSS_120_IP:F_WDATA_HWDATA01[25]
  Delay (ns):                  9.720                                                                           
  Slack (ns):                  1.021                                                                           
  Arrival (ns):                16.020                                                                          
  Required (ns):               17.041                                                                          

Path 51
  From:                        COREAXITOAHBL_1/U_AHBMasterCtrl/wrFIFORdAddr[2]:CLK
  To:                          MSS_SUBSYSTEM_sb_0/MSS_SUBSYSTEM_sb_MSS_0/MSS_ADLIB_INST/INST_MSS_120_IP:F_WDATA_HWDATA01[21]
  Delay (ns):                  9.863                                                                           
  Slack (ns):                  1.033                                                                           
  Arrival (ns):                16.163                                                                          
  Required (ns):               17.196                                                                          

Path 52
  From:                        COREAXITOAHBL_1/U_AHBMasterCtrl/wrFIFORdAddr[3]:CLK
  To:                          MSS_SUBSYSTEM_sb_0/MSS_SUBSYSTEM_sb_MSS_0/MSS_ADLIB_INST/INST_MSS_120_IP:F_WDATA_HWDATA01[31]
  Delay (ns):                  9.676                                                                           
  Slack (ns):                  1.033                                                                           
  Arrival (ns):                15.976                                                                          
  Required (ns):               17.009                                                                          

Path 53
  From:                        COREAXITOAHBL_1/U_AHBMasterCtrl/wrFIFORdAddr[1]:CLK
  To:                          MSS_SUBSYSTEM_sb_0/MSS_SUBSYSTEM_sb_MSS_0/MSS_ADLIB_INST/INST_MSS_120_IP:F_WDATA_HWDATA01[22]
  Delay (ns):                  9.699                                                                           
  Slack (ns):                  1.036                                                                           
  Arrival (ns):                15.988                                                                          
  Required (ns):               17.024                                                                          

Path 54
  From:                        COREAXITOAHBL_1/U_AHBMasterCtrl/wrFIFORdAddr[3]:CLK
  To:                          MSS_SUBSYSTEM_sb_0/MSS_SUBSYSTEM_sb_MSS_0/MSS_ADLIB_INST/INST_MSS_120_IP:F_WDATA_HWDATA01[21]
  Delay (ns):                  9.829                                                                           
  Slack (ns):                  1.067                                                                           
  Arrival (ns):                16.129                                                                          
  Required (ns):               17.196                                                                          

Path 55
  From:                        COREAXITOAHBL_1/U_AHBMasterCtrl/HADDRInt[2]:CLK
  To:                          MSS_SUBSYSTEM_sb_0/MSS_SUBSYSTEM_sb_MSS_0/MSS_ADLIB_INST/INST_MSS_120_IP:F_WDATA_HWDATA01[28]
  Delay (ns):                  9.606                                                                           
  Slack (ns):                  1.094                                                                           
  Arrival (ns):                15.927                                                                          
  Required (ns):               17.021                                                                          

Path 56
  From:                        COREAXITOAHBL_1/U_AHBMasterCtrl/wrFIFORdAddr[2]:CLK
  To:                          MSS_SUBSYSTEM_sb_0/MSS_SUBSYSTEM_sb_MSS_0/MSS_ADLIB_INST/INST_MSS_120_IP:F_WDATA_HWDATA01[10]
  Delay (ns):                  9.745                                                                           
  Slack (ns):                  1.099                                                                           
  Arrival (ns):                16.045                                                                          
  Required (ns):               17.144                                                                          

Path 57
  From:                        COREAXITOAHBL_1/U_AHBMasterCtrl/HADDRInt[2]:CLK
  To:                          MSS_SUBSYSTEM_sb_0/MSS_SUBSYSTEM_sb_MSS_0/MSS_ADLIB_INST/INST_MSS_120_IP:F_WDATA_HWDATA01[22]
  Delay (ns):                  9.592                                                                           
  Slack (ns):                  1.129                                                                           
  Arrival (ns):                15.913                                                                          
  Required (ns):               17.042                                                                          

Path 58
  From:                        COREAXITOAHBL_1/U_AHBMasterCtrl/currState[7]:CLK
  To:                          MSS_SUBSYSTEM_sb_0/MSS_SUBSYSTEM_sb_MSS_0/MSS_ADLIB_INST/INST_MSS_120_IP:F_WDATA_HWDATA01[28]
  Delay (ns):                  9.573                                                                           
  Slack (ns):                  1.134                                                                           
  Arrival (ns):                15.887                                                                          
  Required (ns):               17.021                                                                          

Path 59
  From:                        COREAXITOAHBL_1/U_AHBMasterCtrl/currState[6]:CLK
  To:                          MSS_SUBSYSTEM_sb_0/MSS_SUBSYSTEM_sb_MSS_0/MSS_ADLIB_INST/INST_MSS_120_IP:F_WDATA_HWDATA01[28]
  Delay (ns):                  9.547                                                                           
  Slack (ns):                  1.159                                                                           
  Arrival (ns):                15.862                                                                          
  Required (ns):               17.021                                                                          

Path 60
  From:                        COREAXITOAHBL_1/U_AHBMasterCtrl/currState[7]:CLK
  To:                          MSS_SUBSYSTEM_sb_0/MSS_SUBSYSTEM_sb_MSS_0/MSS_ADLIB_INST/INST_MSS_120_IP:F_WDATA_HWDATA01[22]
  Delay (ns):                  9.559                                                                           
  Slack (ns):                  1.169                                                                           
  Arrival (ns):                15.873                                                                          
  Required (ns):               17.042                                                                          

Path 61
  From:                        COREAXITOAHBL_1/U_AHBMasterCtrl/HADDRInt[2]:CLK
  To:                          MSS_SUBSYSTEM_sb_0/MSS_SUBSYSTEM_sb_MSS_0/MSS_ADLIB_INST/INST_MSS_120_IP:F_WDATA_HWDATA01[15]
  Delay (ns):                  9.499                                                                           
  Slack (ns):                  1.174                                                                           
  Arrival (ns):                15.820                                                                          
  Required (ns):               16.994                                                                          

Path 62
  From:                        COREAXITOAHBL_1/U_AHBMasterCtrl/wrFIFORdAddr[3]:CLK
  To:                          MSS_SUBSYSTEM_sb_0/MSS_SUBSYSTEM_sb_MSS_0/MSS_ADLIB_INST/INST_MSS_120_IP:F_WDATA_HWDATA01[6]
  Delay (ns):                  9.496                                                                           
  Slack (ns):                  1.194                                                                           
  Arrival (ns):                15.796                                                                          
  Required (ns):               16.990                                                                          

Path 63
  From:                        COREAXITOAHBL_1/U_AHBMasterCtrl/currState[6]:CLK
  To:                          MSS_SUBSYSTEM_sb_0/MSS_SUBSYSTEM_sb_MSS_0/MSS_ADLIB_INST/INST_MSS_120_IP:F_WDATA_HWDATA01[22]
  Delay (ns):                  9.533                                                                           
  Slack (ns):                  1.194                                                                           
  Arrival (ns):                15.848                                                                          
  Required (ns):               17.042                                                                          

Path 64
  From:                        COREAXITOAHBL_1/U_AHBMasterCtrl/wrFIFORdAddr[2]:CLK
  To:                          MSS_SUBSYSTEM_sb_0/MSS_SUBSYSTEM_sb_MSS_0/MSS_ADLIB_INST/INST_MSS_120_IP:F_WDATA_HWDATA01[15]
  Delay (ns):                  9.498                                                                           
  Slack (ns):                  1.196                                                                           
  Arrival (ns):                15.798                                                                          
  Required (ns):               16.994                                                                          

Path 65
  From:                        COREAXITOAHBL_1/U_AHBMasterCtrl/wrFIFORdAddr[2]:CLK
  To:                          MSS_SUBSYSTEM_sb_0/MSS_SUBSYSTEM_sb_MSS_0/MSS_ADLIB_INST/INST_MSS_120_IP:F_WDATA_HWDATA01[6]
  Delay (ns):                  9.481                                                                           
  Slack (ns):                  1.209                                                                           
  Arrival (ns):                15.781                                                                          
  Required (ns):               16.990                                                                          

Path 66
  From:                        COREAXITOAHBL_1/U_AHBMasterCtrl/wrFIFORdAddr[1]:CLK
  To:                          MSS_SUBSYSTEM_sb_0/MSS_SUBSYSTEM_sb_MSS_0/MSS_ADLIB_INST/INST_MSS_120_IP:F_WDATA_HWDATA01[29]
  Delay (ns):                  9.513                                                                           
  Slack (ns):                  1.211                                                                           
  Arrival (ns):                15.802                                                                          
  Required (ns):               17.013                                                                          

Path 67
  From:                        COREAXITOAHBL_1/U_AHBMasterCtrl/HADDRInt[2]:CLK
  To:                          MSS_SUBSYSTEM_sb_0/MSS_SUBSYSTEM_sb_MSS_0/MSS_ADLIB_INST/INST_MSS_120_IP:F_WDATA_HWDATA01[10]
  Delay (ns):                  9.577                                                                           
  Slack (ns):                  1.211                                                                           
  Arrival (ns):                15.898                                                                          
  Required (ns):               17.109                                                                          

Path 68
  From:                        COREAXITOAHBL_1/U_AHBMasterCtrl/wrFIFORdAddr[1]:CLK
  To:                          MSS_SUBSYSTEM_sb_0/MSS_SUBSYSTEM_sb_MSS_0/MSS_ADLIB_INST/INST_MSS_120_IP:F_WDATA_HWDATA01[20]
  Delay (ns):                  9.510                                                                           
  Slack (ns):                  1.213                                                                           
  Arrival (ns):                15.799                                                                          
  Required (ns):               17.012                                                                          

Path 69
  From:                        COREAXITOAHBL_1/U_AHBMasterCtrl/wrFIFORdAddr[2]:CLK
  To:                          MSS_SUBSYSTEM_sb_0/MSS_SUBSYSTEM_sb_MSS_0/MSS_ADLIB_INST/INST_MSS_120_IP:F_WDATA_HWDATA01[11]
  Delay (ns):                  9.569                                                                           
  Slack (ns):                  1.223                                                                           
  Arrival (ns):                15.869                                                                          
  Required (ns):               17.092                                                                          

Path 70
  From:                        COREAXITOAHBL_1/U_AHBMasterCtrl/wrFIFORdAddr[3]:CLK
  To:                          MSS_SUBSYSTEM_sb_0/MSS_SUBSYSTEM_sb_MSS_0/MSS_ADLIB_INST/INST_MSS_120_IP:F_WDATA_HWDATA01[10]
  Delay (ns):                  9.580                                                                           
  Slack (ns):                  1.229                                                                           
  Arrival (ns):                15.880                                                                          
  Required (ns):               17.109                                                                          

Path 71
  From:                        COREAXITOAHBL_1/U_AHBMasterCtrl/wrFIFORdAddr[1]:CLK
  To:                          MSS_SUBSYSTEM_sb_0/MSS_SUBSYSTEM_sb_MSS_0/MSS_ADLIB_INST/INST_MSS_120_IP:F_WDATA_HWDATA01[31]
  Delay (ns):                  9.490                                                                           
  Slack (ns):                  1.230                                                                           
  Arrival (ns):                15.779                                                                          
  Required (ns):               17.009                                                                          

Path 72
  From:                        COREAXITOAHBL_1/U_AHBMasterCtrl/currState[7]:CLK
  To:                          MSS_SUBSYSTEM_sb_0/MSS_SUBSYSTEM_sb_MSS_0/MSS_ADLIB_INST/INST_MSS_120_IP:F_WDATA_HWDATA01[15]
  Delay (ns):                  9.450                                                                           
  Slack (ns):                  1.230                                                                           
  Arrival (ns):                15.764                                                                          
  Required (ns):               16.994                                                                          

Path 73
  From:                        COREAXITOAHBL_1/U_AHBMasterCtrl/wrFIFORdAddr[1]:CLK
  To:                          MSS_SUBSYSTEM_sb_0/MSS_SUBSYSTEM_sb_MSS_0/MSS_ADLIB_INST/INST_MSS_120_IP:F_WDATA_HWDATA01[24]
  Delay (ns):                  9.561                                                                           
  Slack (ns):                  1.235                                                                           
  Arrival (ns):                15.850                                                                          
  Required (ns):               17.085                                                                          

Path 74
  From:                        COREAXITOAHBL_1/U_AHBMasterCtrl/wrFIFORdAddr[3]:CLK
  To:                          MSS_SUBSYSTEM_sb_0/MSS_SUBSYSTEM_sb_MSS_0/MSS_ADLIB_INST/INST_MSS_120_IP:F_WDATA_HWDATA01[11]
  Delay (ns):                  9.554                                                                           
  Slack (ns):                  1.244                                                                           
  Arrival (ns):                15.854                                                                          
  Required (ns):               17.098                                                                          

Path 75
  From:                        CORERISCV_AXI4_0/ChiselTop0/uncore/outmemsys/PROC_SUBSYSTEM_CORERISCV_AXI4_0_CORERISCV_AXI4_NASTI_IO_TILE_LINK_IO_CONVERTER_1/nasti_cnt_out_ret_18:CLK
  To:                          CORERISCV_AXI4_0/ChiselTop0/uncore/outmemsys/ClientTileLinkIOUnwrapper_1/acqRoq/T_45_2:EN
  Delay (ns):                  10.377                                                                          
  Slack (ns):                  1.249                                                                           
  Arrival (ns):                16.723                                                                          
  Required (ns):               17.972                                                                          

Path 76
  From:                        COREAXITOAHBL_1/U_AHBMasterCtrl/wrFIFORdAddr[2]:CLK
  To:                          MSS_SUBSYSTEM_sb_0/MSS_SUBSYSTEM_sb_MSS_0/MSS_ADLIB_INST/INST_MSS_120_IP:F_WDATA_HWDATA01[2]
  Delay (ns):                  9.383                                                                           
  Slack (ns):                  1.250                                                                           
  Arrival (ns):                15.683                                                                          
  Required (ns):               16.933                                                                          

Path 77
  From:                        COREAXITOAHBL_1/U_AHBMasterCtrl/currState[6]:CLK
  To:                          MSS_SUBSYSTEM_sb_0/MSS_SUBSYSTEM_sb_MSS_0/MSS_ADLIB_INST/INST_MSS_120_IP:F_WDATA_HWDATA01[15]
  Delay (ns):                  9.424                                                                           
  Slack (ns):                  1.255                                                                           
  Arrival (ns):                15.739                                                                          
  Required (ns):               16.994                                                                          

Path 78
  From:                        COREAXITOAHBL_1/U_AHBMasterCtrl/wrFIFORdAddr[3]:CLK
  To:                          MSS_SUBSYSTEM_sb_0/MSS_SUBSYSTEM_sb_MSS_0/MSS_ADLIB_INST/INST_MSS_120_IP:F_WDATA_HWDATA01[2]
  Delay (ns):                  9.368                                                                           
  Slack (ns):                  1.265                                                                           
  Arrival (ns):                15.668                                                                          
  Required (ns):               16.933                                                                          

Path 79
  From:                        COREAXITOAHBL_1/U_AHBMasterCtrl/currState[7]:CLK
  To:                          MSS_SUBSYSTEM_sb_0/MSS_SUBSYSTEM_sb_MSS_0/MSS_ADLIB_INST/INST_MSS_120_IP:F_WDATA_HWDATA01[10]
  Delay (ns):                  9.528                                                                           
  Slack (ns):                  1.267                                                                           
  Arrival (ns):                15.842                                                                          
  Required (ns):               17.109                                                                          

Path 80
  From:                        COREAXITOAHBL_1/U_AHBMasterCtrl/HADDRInt[2]:CLK
  To:                          MSS_SUBSYSTEM_sb_0/MSS_SUBSYSTEM_sb_MSS_0/MSS_ADLIB_INST/INST_MSS_120_IP:F_WDATA_HWDATA01[5]
  Delay (ns):                  9.450                                                                           
  Slack (ns):                  1.271                                                                           
  Arrival (ns):                15.771                                                                          
  Required (ns):               17.042                                                                          

Path 81
  From:                        COREAXITOAHBL_1/U_AHBMasterCtrl/wrFIFORdAddr[2]:CLK
  To:                          MSS_SUBSYSTEM_sb_0/MSS_SUBSYSTEM_sb_MSS_0/MSS_ADLIB_INST/INST_MSS_120_IP:F_WDATA_HWDATA01[16]
  Delay (ns):                  9.610                                                                           
  Slack (ns):                  1.285                                                                           
  Arrival (ns):                15.910                                                                          
  Required (ns):               17.195                                                                          

Path 82
  From:                        COREAXITOAHBL_1/U_AHBMasterCtrl/wrFIFORdAddr[1]:CLK
  To:                          MSS_SUBSYSTEM_sb_0/MSS_SUBSYSTEM_sb_MSS_0/MSS_ADLIB_INST/INST_MSS_120_IP:F_WDATA_HWDATA01[19]
  Delay (ns):                  9.466                                                                           
  Slack (ns):                  1.288                                                                           
  Arrival (ns):                15.755                                                                          
  Required (ns):               17.043                                                                          

Path 83
  From:                        COREAXITOAHBL_1/U_AHBMasterCtrl/HADDRInt[2]:CLK
  To:                          MSS_SUBSYSTEM_sb_0/MSS_SUBSYSTEM_sb_MSS_0/MSS_ADLIB_INST/INST_MSS_120_IP:F_WDATA_HWDATA01[11]
  Delay (ns):                  9.482                                                                           
  Slack (ns):                  1.289                                                                           
  Arrival (ns):                15.803                                                                          
  Required (ns):               17.092                                                                          

Path 84
  From:                        COREAXITOAHBL_1/U_AHBMasterCtrl/currState[6]:CLK
  To:                          MSS_SUBSYSTEM_sb_0/MSS_SUBSYSTEM_sb_MSS_0/MSS_ADLIB_INST/INST_MSS_120_IP:F_WDATA_HWDATA01[10]
  Delay (ns):                  9.502                                                                           
  Slack (ns):                  1.292                                                                           
  Arrival (ns):                15.817                                                                          
  Required (ns):               17.109                                                                          

Path 85
  From:                        COREAXITOAHBL_1/U_AHBMasterCtrl/HADDRInt[2]:CLK
  To:                          MSS_SUBSYSTEM_sb_0/MSS_SUBSYSTEM_sb_MSS_0/MSS_ADLIB_INST/INST_MSS_120_IP:F_WDATA_HWDATA01[29]
  Delay (ns):                  9.397                                                                           
  Slack (ns):                  1.295                                                                           
  Arrival (ns):                15.718                                                                          
  Required (ns):               17.013                                                                          

Path 86
  From:                        COREAXITOAHBL_1/U_AHBMasterCtrl/HADDRInt[2]:CLK
  To:                          MSS_SUBSYSTEM_sb_0/MSS_SUBSYSTEM_sb_MSS_0/MSS_ADLIB_INST/INST_MSS_120_IP:F_WDATA_HWDATA01[2]
  Delay (ns):                  9.306                                                                           
  Slack (ns):                  1.306                                                                           
  Arrival (ns):                15.627                                                                          
  Required (ns):               16.933                                                                          

Path 87
  From:                        COREAXITOAHBL_1/U_AHBMasterCtrl/HADDRInt[2]:CLK
  To:                          MSS_SUBSYSTEM_sb_0/MSS_SUBSYSTEM_sb_MSS_0/MSS_ADLIB_INST/INST_MSS_120_IP:F_WDATA_HWDATA01[6]
  Delay (ns):                  9.358                                                                           
  Slack (ns):                  1.311                                                                           
  Arrival (ns):                15.679                                                                          
  Required (ns):               16.990                                                                          

Path 88
  From:                        COREAXITOAHBL_1/U_AHBMasterCtrl/currState[7]:CLK
  To:                          MSS_SUBSYSTEM_sb_0/MSS_SUBSYSTEM_sb_MSS_0/MSS_ADLIB_INST/INST_MSS_120_IP:F_WDATA_HWDATA01[5]
  Delay (ns):                  9.417                                                                           
  Slack (ns):                  1.311                                                                           
  Arrival (ns):                15.731                                                                          
  Required (ns):               17.042                                                                          

Path 89
  From:                        COREAXITOAHBL_1/U_AHBMasterCtrl/wrFIFORdAddr[1]:CLK
  To:                          MSS_SUBSYSTEM_sb_0/MSS_SUBSYSTEM_sb_MSS_0/MSS_ADLIB_INST/INST_MSS_120_IP:F_WDATA_HWDATA01[30]
  Delay (ns):                  9.507                                                                           
  Slack (ns):                  1.314                                                                           
  Arrival (ns):                15.796                                                                          
  Required (ns):               17.110                                                                          

Path 90
  From:                        COREAXITOAHBL_1/U_AHBMasterCtrl/HADDRInt[2]:CLK
  To:                          MSS_SUBSYSTEM_sb_0/MSS_SUBSYSTEM_sb_MSS_0/MSS_ADLIB_INST/INST_MSS_120_IP:F_WDATA_HWDATA01[0]
  Delay (ns):                  9.420                                                                           
  Slack (ns):                  1.319                                                                           
  Arrival (ns):                15.741                                                                          
  Required (ns):               17.060                                                                          

Path 91
  From:                        COREAXITOAHBL_1/U_AHBMasterCtrl/wrFIFORdAddr[3]:CLK
  To:                          MSS_SUBSYSTEM_sb_0/MSS_SUBSYSTEM_sb_MSS_0/MSS_ADLIB_INST/INST_MSS_120_IP:F_WDATA_HWDATA01[15]
  Delay (ns):                  9.375                                                                           
  Slack (ns):                  1.319                                                                           
  Arrival (ns):                15.675                                                                          
  Required (ns):               16.994                                                                          

Path 92
  From:                        COREAXITOAHBL_1/U_AHBMasterCtrl/wrFIFORdAddr[0]:CLK
  To:                          MSS_SUBSYSTEM_sb_0/MSS_SUBSYSTEM_sb_MSS_0/MSS_ADLIB_INST/INST_MSS_120_IP:F_WDATA_HWDATA01[22]
  Delay (ns):                  9.395                                                                           
  Slack (ns):                  1.329                                                                           
  Arrival (ns):                15.695                                                                          
  Required (ns):               17.024                                                                          

Path 93
  From:                        COREAXITOAHBL_1/U_AHBMasterCtrl/currState[7]:CLK
  To:                          MSS_SUBSYSTEM_sb_0/MSS_SUBSYSTEM_sb_MSS_0/MSS_ADLIB_INST/INST_MSS_120_IP:F_WDATA_HWDATA01[11]
  Delay (ns):                  9.449                                                                           
  Slack (ns):                  1.329                                                                           
  Arrival (ns):                15.763                                                                          
  Required (ns):               17.092                                                                          

Path 94
  From:                        COREAXITOAHBL_1/U_AHBMasterCtrl/currState[7]:CLK
  To:                          MSS_SUBSYSTEM_sb_0/MSS_SUBSYSTEM_sb_MSS_0/MSS_ADLIB_INST/INST_MSS_120_IP:F_WDATA_HWDATA01[29]
  Delay (ns):                  9.364                                                                           
  Slack (ns):                  1.335                                                                           
  Arrival (ns):                15.678                                                                          
  Required (ns):               17.013                                                                          

Path 95
  From:                        COREAXITOAHBL_1/U_AHBMasterCtrl/currState[6]:CLK
  To:                          MSS_SUBSYSTEM_sb_0/MSS_SUBSYSTEM_sb_MSS_0/MSS_ADLIB_INST/INST_MSS_120_IP:F_WDATA_HWDATA01[5]
  Delay (ns):                  9.391                                                                           
  Slack (ns):                  1.336                                                                           
  Arrival (ns):                15.706                                                                          
  Required (ns):               17.042                                                                          

Path 96
  From:                        MSS_SUBSYSTEM_sb_0/MSS_SUBSYSTEM_sb_MSS_0/MSS_ADLIB_INST/INST_MSS_120_IP:CLK_BASE
  To:                          COREAXITOAHBL_1/U_AHBMasterCtrl/HADDRInt[1]:D
  Delay (ns):                  10.119                                                                          
  Slack (ns):                  1.341                                                                           
  Arrival (ns):                16.726                                                                          
  Required (ns):               18.067                                                                          

Path 97
  From:                        COREAXITOAHBL_1/U_AHBMasterCtrl/wrFIFORdAddr[1]:CLK
  To:                          MSS_SUBSYSTEM_sb_0/MSS_SUBSYSTEM_sb_MSS_0/MSS_ADLIB_INST/INST_MSS_120_IP:F_WDATA_HWDATA01[26]
  Delay (ns):                  9.419                                                                           
  Slack (ns):                  1.346                                                                           
  Arrival (ns):                15.708                                                                          
  Required (ns):               17.054                                                                          

Path 98
  From:                        CoreAHBLite_1/matrix4x16/masterstage_0/SDATASELInt[3]:CLK
  To:                          COREAXITOAHBL_1/U_AHBMasterCtrl/HADDRInt[29]:D
  Delay (ns):                  10.382                                                                          
  Slack (ns):                  1.349                                                                           
  Arrival (ns):                16.705                                                                          
  Required (ns):               18.054                                                                          

Path 99
  From:                        COREAXITOAHBL_1/U_AHBMasterCtrl/wrFIFORdAddr[1]:CLK
  To:                          MSS_SUBSYSTEM_sb_0/MSS_SUBSYSTEM_sb_MSS_0/MSS_ADLIB_INST/INST_MSS_120_IP:F_WDATA_HWDATA01[25]
  Delay (ns):                  9.400                                                                           
  Slack (ns):                  1.352                                                                           
  Arrival (ns):                15.689                                                                          
  Required (ns):               17.041                                                                          

Path 100
  From:                        COREAXITOAHBL_1/U_AHBMasterCtrl/currState[6]:CLK
  To:                          MSS_SUBSYSTEM_sb_0/MSS_SUBSYSTEM_sb_MSS_0/MSS_ADLIB_INST/INST_MSS_120_IP:F_WDATA_HWDATA01[11]
  Delay (ns):                  9.423                                                                           
  Slack (ns):                  1.354                                                                           
  Arrival (ns):                15.738                                                                          
  Required (ns):               17.092                                                                          

