Timing Violation Report Max Delay Analysis

SmartTime Version v11.8
Microsemi Corporation - Microsemi Libero Software Release v11.8 (Version 11.8.0.26)
Date: Tue Jul 04 11:42:22 2017


Design: PROC_SUBSYSTEM
Family: SmartFusion2
Die: M2S150
Package: 1152 FC
Temperature Range: 0 - 85 C
Voltage Range: 1.14 - 1.26 V
Speed Grade: STD
Design State: Post-Layout
Data source: Production
Min Operating Conditions: BEST - 1.26 V - 0 C
Max Operating Conditions: WORST - 1.14 V - 85 C
Scenario for Timing Analysis: timing_analysis


Path 1
  From:                        COREAXITOAHBL_1/U_AHBMasterCtrl/wrFIFORdAddr[2]:CLK
  To:                          MSS_SUBSYSTEM_sb_0/MSS_SUBSYSTEM_sb_MSS_0/MSS_ADLIB_INST/INST_MSS_120_IP:F_WDATA_HWDATA01[23]
  Delay (ns):                  10.643                                                                          
  Slack (ns):                  0.146                                                                           
  Arrival (ns):                16.968                                                                          
  Required (ns):               17.114                                                                          

Path 2
  From:                        COREAXITOAHBL_1/U_AHBMasterCtrl/wrFIFORdAddr[3]:CLK
  To:                          MSS_SUBSYSTEM_sb_0/MSS_SUBSYSTEM_sb_MSS_0/MSS_ADLIB_INST/INST_MSS_120_IP:F_WDATA_HWDATA01[23]
  Delay (ns):                  10.610                                                                          
  Slack (ns):                  0.178                                                                           
  Arrival (ns):                16.936                                                                          
  Required (ns):               17.114                                                                          

Path 3
  From:                        COREAXITOAHBL_1/U_AHBMasterCtrl/wrFIFORdAddr[3]:CLK
  To:                          MSS_SUBSYSTEM_sb_0/MSS_SUBSYSTEM_sb_MSS_0/MSS_ADLIB_INST/INST_MSS_120_IP:F_WDATA_HWDATA01[20]
  Delay (ns):                  10.413                                                                          
  Slack (ns):                  0.271                                                                           
  Arrival (ns):                16.739                                                                          
  Required (ns):               17.010                                                                          

Path 4
  From:                        COREAXITOAHBL_1/U_AHBMasterCtrl/wrFIFORdAddr[2]:CLK
  To:                          MSS_SUBSYSTEM_sb_0/MSS_SUBSYSTEM_sb_MSS_0/MSS_ADLIB_INST/INST_MSS_120_IP:F_WDATA_HWDATA01[20]
  Delay (ns):                  10.397                                                                          
  Slack (ns):                  0.288                                                                           
  Arrival (ns):                16.722                                                                          
  Required (ns):               17.010                                                                          

Path 5
  From:                        COREAXITOAHBL_1/U_AHBMasterCtrl/wrFIFORdAddr[2]:CLK
  To:                          MSS_SUBSYSTEM_sb_0/MSS_SUBSYSTEM_sb_MSS_0/MSS_ADLIB_INST/INST_MSS_120_IP:F_WDATA_HWDATA01[22]
  Delay (ns):                  10.348                                                                          
  Slack (ns):                  0.367                                                                           
  Arrival (ns):                16.673                                                                          
  Required (ns):               17.040                                                                          

Path 6
  From:                        COREAXITOAHBL_1/U_AHBMasterCtrl/wrFIFORdAddr[3]:CLK
  To:                          MSS_SUBSYSTEM_sb_0/MSS_SUBSYSTEM_sb_MSS_0/MSS_ADLIB_INST/INST_MSS_120_IP:F_WDATA_HWDATA01[22]
  Delay (ns):                  10.319                                                                          
  Slack (ns):                  0.377                                                                           
  Arrival (ns):                16.645                                                                          
  Required (ns):               17.022                                                                          

Path 7
  From:                        COREAXITOAHBL_1/U_AHBMasterCtrl/wrFIFORdAddr[3]:CLK
  To:                          MSS_SUBSYSTEM_sb_0/MSS_SUBSYSTEM_sb_MSS_0/MSS_ADLIB_INST/INST_MSS_120_IP:F_WDATA_HWDATA01[31]
  Delay (ns):                  10.281                                                                          
  Slack (ns):                  0.400                                                                           
  Arrival (ns):                16.607                                                                          
  Required (ns):               17.007                                                                          

Path 8
  From:                        COREAXITOAHBL_1/U_AHBMasterCtrl/wrFIFORdAddr[3]:CLK
  To:                          MSS_SUBSYSTEM_sb_0/MSS_SUBSYSTEM_sb_MSS_0/MSS_ADLIB_INST/INST_MSS_120_IP:F_WDATA_HWDATA01[24]
  Delay (ns):                  10.346                                                                          
  Slack (ns):                  0.411                                                                           
  Arrival (ns):                16.672                                                                          
  Required (ns):               17.083                                                                          

Path 9
  From:                        COREAXITOAHBL_1/U_AHBMasterCtrl/wrFIFORdAddr[2]:CLK
  To:                          MSS_SUBSYSTEM_sb_0/MSS_SUBSYSTEM_sb_MSS_0/MSS_ADLIB_INST/INST_MSS_120_IP:F_WDATA_HWDATA01[31]
  Delay (ns):                  10.265                                                                          
  Slack (ns):                  0.417                                                                           
  Arrival (ns):                16.590                                                                          
  Required (ns):               17.007                                                                          

Path 10
  From:                        COREAXITOAHBL_1/U_AHBMasterCtrl/wrFIFORdAddr[2]:CLK
  To:                          MSS_SUBSYSTEM_sb_0/MSS_SUBSYSTEM_sb_MSS_0/MSS_ADLIB_INST/INST_MSS_120_IP:F_WDATA_HWDATA01[24]
  Delay (ns):                  10.302                                                                          
  Slack (ns):                  0.426                                                                           
  Arrival (ns):                16.627                                                                          
  Required (ns):               17.053                                                                          

Path 11
  From:                        COREAXITOAHBL_1/U_AHBMasterCtrl/wrFIFORdAddr[2]:CLK
  To:                          MSS_SUBSYSTEM_sb_0/MSS_SUBSYSTEM_sb_MSS_0/MSS_ADLIB_INST/INST_MSS_120_IP:F_WDATA_HWDATA01[26]
  Delay (ns):                  10.301                                                                          
  Slack (ns):                  0.441                                                                           
  Arrival (ns):                16.626                                                                          
  Required (ns):               17.067                                                                          

Path 12
  From:                        COREAXITOAHBL_1/U_AHBMasterCtrl/wrFIFORdAddr[3]:CLK
  To:                          MSS_SUBSYSTEM_sb_0/MSS_SUBSYSTEM_sb_MSS_0/MSS_ADLIB_INST/INST_MSS_120_IP:F_WDATA_HWDATA01[25]
  Delay (ns):                  10.261                                                                          
  Slack (ns):                  0.452                                                                           
  Arrival (ns):                16.587                                                                          
  Required (ns):               17.039                                                                          

Path 13
  From:                        COREAXITOAHBL_1/U_AHBMasterCtrl/wrFIFORdAddr[3]:CLK
  To:                          MSS_SUBSYSTEM_sb_0/MSS_SUBSYSTEM_sb_MSS_0/MSS_ADLIB_INST/INST_MSS_120_IP:F_WDATA_HWDATA01[30]
  Delay (ns):                  10.324                                                                          
  Slack (ns):                  0.458                                                                           
  Arrival (ns):                16.650                                                                          
  Required (ns):               17.108                                                                          

Path 14
  From:                        COREAXITOAHBL_1/U_AHBMasterCtrl/wrFIFORdAddr[3]:CLK
  To:                          MSS_SUBSYSTEM_sb_0/MSS_SUBSYSTEM_sb_MSS_0/MSS_ADLIB_INST/INST_MSS_120_IP:F_WDATA_HWDATA01[26]
  Delay (ns):                  10.266                                                                          
  Slack (ns):                  0.460                                                                           
  Arrival (ns):                16.592                                                                          
  Required (ns):               17.052                                                                          

Path 15
  From:                        COREAXITOAHBL_1/U_AHBMasterCtrl/wrFIFORdAddr[2]:CLK
  To:                          MSS_SUBSYSTEM_sb_0/MSS_SUBSYSTEM_sb_MSS_0/MSS_ADLIB_INST/INST_MSS_120_IP:F_WDATA_HWDATA01[25]
  Delay (ns):                  10.245                                                                          
  Slack (ns):                  0.469                                                                           
  Arrival (ns):                16.570                                                                          
  Required (ns):               17.039                                                                          

Path 16
  From:                        COREAXITOAHBL_1/U_AHBMasterCtrl/wrFIFORdAddr[2]:CLK
  To:                          MSS_SUBSYSTEM_sb_0/MSS_SUBSYSTEM_sb_MSS_0/MSS_ADLIB_INST/INST_MSS_120_IP:F_WDATA_HWDATA01[30]
  Delay (ns):                  10.309                                                                          
  Slack (ns):                  0.474                                                                           
  Arrival (ns):                16.634                                                                          
  Required (ns):               17.108                                                                          

Path 17
  From:                        COREAXITOAHBL_1/U_AHBMasterCtrl/wrFIFORdAddr[2]:CLK
  To:                          MSS_SUBSYSTEM_sb_0/MSS_SUBSYSTEM_sb_MSS_0/MSS_ADLIB_INST/INST_MSS_120_IP:F_WDATA_HWDATA01[0]
  Delay (ns):                  10.238                                                                          
  Slack (ns):                  0.495                                                                           
  Arrival (ns):                16.563                                                                          
  Required (ns):               17.058                                                                          

Path 18
  From:                        COREAXITOAHBL_1/U_AHBMasterCtrl/wrFIFORdAddr[3]:CLK
  To:                          MSS_SUBSYSTEM_sb_0/MSS_SUBSYSTEM_sb_MSS_0/MSS_ADLIB_INST/INST_MSS_120_IP:F_WDATA_HWDATA01[21]
  Delay (ns):                  10.370                                                                          
  Slack (ns):                  0.498                                                                           
  Arrival (ns):                16.696                                                                          
  Required (ns):               17.194                                                                          

Path 19
  From:                        COREAXITOAHBL_1/U_AHBMasterCtrl/wrFIFORdAddr[2]:CLK
  To:                          MSS_SUBSYSTEM_sb_0/MSS_SUBSYSTEM_sb_MSS_0/MSS_ADLIB_INST/INST_MSS_120_IP:F_WDATA_HWDATA01[21]
  Delay (ns):                  10.391                                                                          
  Slack (ns):                  0.498                                                                           
  Arrival (ns):                16.716                                                                          
  Required (ns):               17.214                                                                          

Path 20
  From:                        COREAXITOAHBL_1/U_AHBMasterCtrl/wrFIFORdAddr[3]:CLK
  To:                          MSS_SUBSYSTEM_sb_0/MSS_SUBSYSTEM_sb_MSS_0/MSS_ADLIB_INST/INST_MSS_120_IP:F_WDATA_HWDATA01[0]
  Delay (ns):                  10.229                                                                          
  Slack (ns):                  0.512                                                                           
  Arrival (ns):                16.555                                                                          
  Required (ns):               17.067                                                                          

Path 21
  From:                        COREAXITOAHBL_1/U_AHBMasterCtrl/wrFIFORdAddr[2]:CLK
  To:                          MSS_SUBSYSTEM_sb_0/MSS_SUBSYSTEM_sb_MSS_0/MSS_ADLIB_INST/INST_MSS_120_IP:F_WDATA_HWDATA01[2]
  Delay (ns):                  10.083                                                                          
  Slack (ns):                  0.523                                                                           
  Arrival (ns):                16.408                                                                          
  Required (ns):               16.931                                                                          

Path 22
  From:                        COREAXITOAHBL_1/U_AHBMasterCtrl/wrFIFORdAddr[3]:CLK
  To:                          MSS_SUBSYSTEM_sb_0/MSS_SUBSYSTEM_sb_MSS_0/MSS_ADLIB_INST/INST_MSS_120_IP:F_WDATA_HWDATA01[2]
  Delay (ns):                  10.075                                                                          
  Slack (ns):                  0.530                                                                           
  Arrival (ns):                16.401                                                                          
  Required (ns):               16.931                                                                          

Path 23
  From:                        COREAXITOAHBL_1/U_AHBMasterCtrl/wrFIFORdAddr[1]:CLK
  To:                          MSS_SUBSYSTEM_sb_0/MSS_SUBSYSTEM_sb_MSS_0/MSS_ADLIB_INST/INST_MSS_120_IP:F_WDATA_HWDATA01[23]
  Delay (ns):                  10.206                                                                          
  Slack (ns):                  0.599                                                                           
  Arrival (ns):                16.515                                                                          
  Required (ns):               17.114                                                                          

Path 24
  From:                        COREAXITOAHBL_1/U_AHBMasterCtrl/wrFIFORdAddr[2]:CLK
  To:                          MSS_SUBSYSTEM_sb_0/MSS_SUBSYSTEM_sb_MSS_0/MSS_ADLIB_INST/INST_MSS_120_IP:F_WDATA_HWDATA01[7]
  Delay (ns):                  10.097                                                                          
  Slack (ns):                  0.625                                                                           
  Arrival (ns):                16.422                                                                          
  Required (ns):               17.047                                                                          

Path 25
  From:                        COREAXITOAHBL_1/U_AHBMasterCtrl/wrFIFORdAddr[1]:CLK
  To:                          MSS_SUBSYSTEM_sb_0/MSS_SUBSYSTEM_sb_MSS_0/MSS_ADLIB_INST/INST_MSS_120_IP:F_WDATA_HWDATA01[20]
  Delay (ns):                  10.009                                                                          
  Slack (ns):                  0.692                                                                           
  Arrival (ns):                16.318                                                                          
  Required (ns):               17.010                                                                          

Path 26
  From:                        COREAXITOAHBL_1/U_AHBMasterCtrl/wrFIFORdAddr[3]:CLK
  To:                          MSS_SUBSYSTEM_sb_0/MSS_SUBSYSTEM_sb_MSS_0/MSS_ADLIB_INST/INST_MSS_120_IP:F_WDATA_HWDATA01[7]
  Delay (ns):                  10.043                                                                          
  Slack (ns):                  0.705                                                                           
  Arrival (ns):                16.369                                                                          
  Required (ns):               17.074                                                                          

Path 27
  From:                        COREAXITOAHBL_1/U_AHBMasterCtrl/wrFIFORdAddr[0]:CLK
  To:                          MSS_SUBSYSTEM_sb_0/MSS_SUBSYSTEM_sb_MSS_0/MSS_ADLIB_INST/INST_MSS_120_IP:F_WDATA_HWDATA01[23]
  Delay (ns):                  10.035                                                                          
  Slack (ns):                  0.759                                                                           
  Arrival (ns):                16.355                                                                          
  Required (ns):               17.114                                                                          

Path 28
  From:                        COREAXITOAHBL_1/U_AHBMasterCtrl/wrFIFORdAddr[1]:CLK
  To:                          MSS_SUBSYSTEM_sb_0/MSS_SUBSYSTEM_sb_MSS_0/MSS_ADLIB_INST/INST_MSS_120_IP:F_WDATA_HWDATA01[22]
  Delay (ns):                  9.917                                                                           
  Slack (ns):                  0.796                                                                           
  Arrival (ns):                16.226                                                                          
  Required (ns):               17.022                                                                          

Path 29
  From:                        COREAXITOAHBL_1/U_AHBMasterCtrl/wrFIFORdAddr[2]:CLK
  To:                          MSS_SUBSYSTEM_sb_0/MSS_SUBSYSTEM_sb_MSS_0/MSS_ADLIB_INST/INST_MSS_120_IP:F_WDATA_HWDATA01[6]
  Delay (ns):                  9.918                                                                           
  Slack (ns):                  0.822                                                                           
  Arrival (ns):                16.243                                                                          
  Required (ns):               17.065                                                                          

Path 30
  From:                        COREAXITOAHBL_1/U_AHBMasterCtrl/wrFIFORdAddr[1]:CLK
  To:                          MSS_SUBSYSTEM_sb_0/MSS_SUBSYSTEM_sb_MSS_0/MSS_ADLIB_INST/INST_MSS_120_IP:F_WDATA_HWDATA01[31]
  Delay (ns):                  9.873                                                                           
  Slack (ns):                  0.825                                                                           
  Arrival (ns):                16.182                                                                          
  Required (ns):               17.007                                                                          

Path 31
  From:                        COREAXITOAHBL_1/U_AHBMasterCtrl/wrFIFORdAddr[1]:CLK
  To:                          MSS_SUBSYSTEM_sb_0/MSS_SUBSYSTEM_sb_MSS_0/MSS_ADLIB_INST/INST_MSS_120_IP:F_WDATA_HWDATA01[24]
  Delay (ns):                  9.943                                                                           
  Slack (ns):                  0.831                                                                           
  Arrival (ns):                16.252                                                                          
  Required (ns):               17.083                                                                          

Path 32
  From:                        COREAXITOAHBL_1/U_AHBMasterCtrl/wrFIFORdAddr[2]:CLK
  To:                          MSS_SUBSYSTEM_sb_0/MSS_SUBSYSTEM_sb_MSS_0/MSS_ADLIB_INST/INST_MSS_120_IP:F_WDATA_HWDATA01[13]
  Delay (ns):                  10.000                                                                          
  Slack (ns):                  0.835                                                                           
  Arrival (ns):                16.325                                                                          
  Required (ns):               17.160                                                                          

Path 33
  From:                        COREAXITOAHBL_1/U_AHBMasterCtrl/wrFIFORdAddr[2]:CLK
  To:                          MSS_SUBSYSTEM_sb_0/MSS_SUBSYSTEM_sb_MSS_0/MSS_ADLIB_INST/INST_MSS_120_IP:F_WDATA_HWDATA01[9]
  Delay (ns):                  9.946                                                                           
  Slack (ns):                  0.848                                                                           
  Arrival (ns):                16.271                                                                          
  Required (ns):               17.119                                                                          

Path 34
  From:                        COREAXITOAHBL_1/U_AHBMasterCtrl/wrFIFORdAddr[0]:CLK
  To:                          MSS_SUBSYSTEM_sb_0/MSS_SUBSYSTEM_sb_MSS_0/MSS_ADLIB_INST/INST_MSS_120_IP:F_WDATA_HWDATA01[20]
  Delay (ns):                  9.825                                                                           
  Slack (ns):                  0.865                                                                           
  Arrival (ns):                16.145                                                                          
  Required (ns):               17.010                                                                          

Path 35
  From:                        COREAXITOAHBL_1/U_AHBMasterCtrl/wrFIFORdAddr[1]:CLK
  To:                          MSS_SUBSYSTEM_sb_0/MSS_SUBSYSTEM_sb_MSS_0/MSS_ADLIB_INST/INST_MSS_120_IP:F_WDATA_HWDATA01[25]
  Delay (ns):                  9.851                                                                           
  Slack (ns):                  0.879                                                                           
  Arrival (ns):                16.160                                                                          
  Required (ns):               17.039                                                                          

Path 36
  From:                        COREAXITOAHBL_1/U_AHBMasterCtrl/wrFIFORdAddr[1]:CLK
  To:                          MSS_SUBSYSTEM_sb_0/MSS_SUBSYSTEM_sb_MSS_0/MSS_ADLIB_INST/INST_MSS_120_IP:F_WDATA_HWDATA01[30]
  Delay (ns):                  9.919                                                                           
  Slack (ns):                  0.880                                                                           
  Arrival (ns):                16.228                                                                          
  Required (ns):               17.108                                                                          

Path 37
  From:                        COREAXITOAHBL_1/U_AHBMasterCtrl/wrFIFORdAddr[2]:CLK
  To:                          MSS_SUBSYSTEM_sb_0/MSS_SUBSYSTEM_sb_MSS_0/MSS_ADLIB_INST/INST_MSS_120_IP:F_WDATA_HWDATA01[16]
  Delay (ns):                  9.987                                                                           
  Slack (ns):                  0.881                                                                           
  Arrival (ns):                16.312                                                                          
  Required (ns):               17.193                                                                          

Path 38
  From:                        COREAXITOAHBL_1/U_AHBMasterCtrl/wrFIFORdAddr[1]:CLK
  To:                          MSS_SUBSYSTEM_sb_0/MSS_SUBSYSTEM_sb_MSS_0/MSS_ADLIB_INST/INST_MSS_120_IP:F_WDATA_HWDATA01[26]
  Delay (ns):                  9.860                                                                           
  Slack (ns):                  0.883                                                                           
  Arrival (ns):                16.169                                                                          
  Required (ns):               17.052                                                                          

Path 39
  From:                        COREAXITOAHBL_1/U_AHBMasterCtrl/wrFIFORdAddr[2]:CLK
  To:                          MSS_SUBSYSTEM_sb_0/MSS_SUBSYSTEM_sb_MSS_0/MSS_ADLIB_INST/INST_MSS_120_IP:F_WDATA_HWDATA01[11]
  Delay (ns):                  9.882                                                                           
  Slack (ns):                  0.889                                                                           
  Arrival (ns):                16.207                                                                          
  Required (ns):               17.096                                                                          

Path 40
  From:                        COREAXITOAHBL_1/U_AHBMasterCtrl/wrFIFORdAddr[3]:CLK
  To:                          MSS_SUBSYSTEM_sb_0/MSS_SUBSYSTEM_sb_MSS_0/MSS_ADLIB_INST/INST_MSS_120_IP:F_WDATA_HWDATA01[11]
  Delay (ns):                  9.874                                                                           
  Slack (ns):                  0.896                                                                           
  Arrival (ns):                16.200                                                                          
  Required (ns):               17.096                                                                          

Path 41
  From:                        COREAXITOAHBL_1/U_AHBMasterCtrl/wrFIFORdAddr[3]:CLK
  To:                          MSS_SUBSYSTEM_sb_0/MSS_SUBSYSTEM_sb_MSS_0/MSS_ADLIB_INST/INST_MSS_120_IP:F_WDATA_HWDATA01[6]
  Delay (ns):                  9.833                                                                           
  Slack (ns):                  0.906                                                                           
  Arrival (ns):                16.159                                                                          
  Required (ns):               17.065                                                                          

Path 42
  From:                        COREAXITOAHBL_1/U_AHBMasterCtrl/wrFIFORdAddr[2]:CLK
  To:                          MSS_SUBSYSTEM_sb_0/MSS_SUBSYSTEM_sb_MSS_0/MSS_ADLIB_INST/INST_MSS_120_IP:F_WDATA_HWDATA01[5]
  Delay (ns):                  9.808                                                                           
  Slack (ns):                  0.907                                                                           
  Arrival (ns):                16.133                                                                          
  Required (ns):               17.040                                                                          

Path 43
  From:                        COREAXITOAHBL_1/U_AHBMasterCtrl/wrFIFORdAddr[3]:CLK
  To:                          MSS_SUBSYSTEM_sb_0/MSS_SUBSYSTEM_sb_MSS_0/MSS_ADLIB_INST/INST_MSS_120_IP:F_WDATA_HWDATA01[16]
  Delay (ns):                  9.949                                                                           
  Slack (ns):                  0.918                                                                           
  Arrival (ns):                16.275                                                                          
  Required (ns):               17.193                                                                          

Path 44
  From:                        COREAXITOAHBL_1/U_AHBMasterCtrl/wrFIFORdAddr[1]:CLK
  To:                          MSS_SUBSYSTEM_sb_0/MSS_SUBSYSTEM_sb_MSS_0/MSS_ADLIB_INST/INST_MSS_120_IP:F_WDATA_HWDATA01[21]
  Delay (ns):                  9.965                                                                           
  Slack (ns):                  0.920                                                                           
  Arrival (ns):                16.274                                                                          
  Required (ns):               17.194                                                                          

Path 45
  From:                        COREAXITOAHBL_1/U_AHBMasterCtrl/wrFIFORdAddr[3]:CLK
  To:                          MSS_SUBSYSTEM_sb_0/MSS_SUBSYSTEM_sb_MSS_0/MSS_ADLIB_INST/INST_MSS_120_IP:F_WDATA_HWDATA01[17]
  Delay (ns):                  9.701                                                                           
  Slack (ns):                  0.933                                                                           
  Arrival (ns):                16.027                                                                          
  Required (ns):               16.960                                                                          

Path 46
  From:                        COREAXITOAHBL_1/U_AHBMasterCtrl/wrFIFORdAddr[3]:CLK
  To:                          MSS_SUBSYSTEM_sb_0/MSS_SUBSYSTEM_sb_MSS_0/MSS_ADLIB_INST/INST_MSS_120_IP:F_WDATA_HWDATA01[9]
  Delay (ns):                  9.816                                                                           
  Slack (ns):                  0.939                                                                           
  Arrival (ns):                16.142                                                                          
  Required (ns):               17.081                                                                          

Path 47
  From:                        COREAXITOAHBL_1/U_AHBMasterCtrl/wrFIFORdAddr[3]:CLK
  To:                          MSS_SUBSYSTEM_sb_0/MSS_SUBSYSTEM_sb_MSS_0/MSS_ADLIB_INST/INST_MSS_120_IP:F_WDATA_HWDATA01[13]
  Delay (ns):                  9.936                                                                           
  Slack (ns):                  0.943                                                                           
  Arrival (ns):                16.262                                                                          
  Required (ns):               17.205                                                                          

Path 48
  From:                        COREAXITOAHBL_1/U_AHBMasterCtrl/wrFIFORdAddr[1]:CLK
  To:                          MSS_SUBSYSTEM_sb_0/MSS_SUBSYSTEM_sb_MSS_0/MSS_ADLIB_INST/INST_MSS_120_IP:F_WDATA_HWDATA01[0]
  Delay (ns):                  9.811                                                                           
  Slack (ns):                  0.947                                                                           
  Arrival (ns):                16.120                                                                          
  Required (ns):               17.067                                                                          

Path 49
  From:                        COREAXITOAHBL_1/U_AHBMasterCtrl/wrFIFORdAddr[2]:CLK
  To:                          MSS_SUBSYSTEM_sb_0/MSS_SUBSYSTEM_sb_MSS_0/MSS_ADLIB_INST/INST_MSS_120_IP:F_WDATA_HWDATA01[17]
  Delay (ns):                  9.686                                                                           
  Slack (ns):                  0.949                                                                           
  Arrival (ns):                16.011                                                                          
  Required (ns):               16.960                                                                          

Path 50
  From:                        COREAXITOAHBL_1/U_AHBMasterCtrl/wrFIFORdAddr[1]:CLK
  To:                          MSS_SUBSYSTEM_sb_0/MSS_SUBSYSTEM_sb_MSS_0/MSS_ADLIB_INST/INST_MSS_120_IP:F_WDATA_HWDATA01[2]
  Delay (ns):                  9.660                                                                           
  Slack (ns):                  0.962                                                                           
  Arrival (ns):                15.969                                                                          
  Required (ns):               16.931                                                                          

Path 51
  From:                        COREAXITOAHBL_1/U_AHBMasterCtrl/wrFIFORdAddr[0]:CLK
  To:                          MSS_SUBSYSTEM_sb_0/MSS_SUBSYSTEM_sb_MSS_0/MSS_ADLIB_INST/INST_MSS_120_IP:F_WDATA_HWDATA01[22]
  Delay (ns):                  9.737                                                                           
  Slack (ns):                  0.965                                                                           
  Arrival (ns):                16.057                                                                          
  Required (ns):               17.022                                                                          

Path 52
  From:                        COREAXITOAHBL_1/U_AHBMasterCtrl/wrFIFORdAddr[2]:CLK
  To:                          MSS_SUBSYSTEM_sb_0/MSS_SUBSYSTEM_sb_MSS_0/MSS_ADLIB_INST/INST_MSS_120_IP:F_WDATA_HWDATA01[19]
  Delay (ns):                  9.811                                                                           
  Slack (ns):                  0.988                                                                           
  Arrival (ns):                16.136                                                                          
  Required (ns):               17.124                                                                          

Path 53
  From:                        COREAXITOAHBL_1/U_AHBMasterCtrl/currState[6]:CLK
  To:                          MSS_SUBSYSTEM_sb_0/MSS_SUBSYSTEM_sb_MSS_0/MSS_ADLIB_INST/INST_MSS_120_IP:F_WDATA_HWDATA01[26]
  Delay (ns):                  9.762                                                                           
  Slack (ns):                  1.002                                                                           
  Arrival (ns):                16.065                                                                          
  Required (ns):               17.067                                                                          

Path 54
  From:                        COREAXITOAHBL_1/U_AHBMasterCtrl/wrFIFORdAddr[0]:CLK
  To:                          MSS_SUBSYSTEM_sb_0/MSS_SUBSYSTEM_sb_MSS_0/MSS_ADLIB_INST/INST_MSS_120_IP:F_WDATA_HWDATA01[2]
  Delay (ns):                  9.609                                                                           
  Slack (ns):                  1.002                                                                           
  Arrival (ns):                15.929                                                                          
  Required (ns):               16.931                                                                          

Path 55
  From:                        COREAXITOAHBL_1/U_AHBMasterCtrl/wrFIFORdAddr[3]:CLK
  To:                          MSS_SUBSYSTEM_sb_0/MSS_SUBSYSTEM_sb_MSS_0/MSS_ADLIB_INST/INST_MSS_120_IP:F_WDATA_HWDATA01[5]
  Delay (ns):                  9.710                                                                           
  Slack (ns):                  1.004                                                                           
  Arrival (ns):                16.036                                                                          
  Required (ns):               17.040                                                                          

Path 56
  From:                        COREAXITOAHBL_1/U_AHBMasterCtrl/wrFIFORdAddr[0]:CLK
  To:                          MSS_SUBSYSTEM_sb_0/MSS_SUBSYSTEM_sb_MSS_0/MSS_ADLIB_INST/INST_MSS_120_IP:F_WDATA_HWDATA01[0]
  Delay (ns):                  9.732                                                                           
  Slack (ns):                  1.006                                                                           
  Arrival (ns):                16.052                                                                          
  Required (ns):               17.058                                                                          

Path 57
  From:                        COREAXITOAHBL_1/U_AHBMasterCtrl/wrFIFORdAddr[0]:CLK
  To:                          MSS_SUBSYSTEM_sb_0/MSS_SUBSYSTEM_sb_MSS_0/MSS_ADLIB_INST/INST_MSS_120_IP:F_WDATA_HWDATA01[31]
  Delay (ns):                  9.680                                                                           
  Slack (ns):                  1.007                                                                           
  Arrival (ns):                16.000                                                                          
  Required (ns):               17.007                                                                          

Path 58
  From:                        COREAXITOAHBL_1/U_AHBMasterCtrl/currState[6]:CLK
  To:                          MSS_SUBSYSTEM_sb_0/MSS_SUBSYSTEM_sb_MSS_0/MSS_ADLIB_INST/INST_MSS_120_IP:F_WDATA_HWDATA01[2]
  Delay (ns):                  9.621                                                                           
  Slack (ns):                  1.007                                                                           
  Arrival (ns):                15.924                                                                          
  Required (ns):               16.931                                                                          

Path 59
  From:                        COREAXITOAHBL_1/U_AHBMasterCtrl/wrFIFORdAddr[3]:CLK
  To:                          MSS_SUBSYSTEM_sb_0/MSS_SUBSYSTEM_sb_MSS_0/MSS_ADLIB_INST/INST_MSS_120_IP:F_WDATA_HWDATA01[29]
  Delay (ns):                  9.673                                                                           
  Slack (ns):                  1.012                                                                           
  Arrival (ns):                15.999                                                                          
  Required (ns):               17.011                                                                          

Path 60
  From:                        COREAXITOAHBL_1/U_AHBMasterCtrl/wrFIFORdAddr[2]:CLK
  To:                          MSS_SUBSYSTEM_sb_0/MSS_SUBSYSTEM_sb_MSS_0/MSS_ADLIB_INST/INST_MSS_120_IP:F_WDATA_HWDATA01[29]
  Delay (ns):                  9.752                                                                           
  Slack (ns):                  1.014                                                                           
  Arrival (ns):                16.077                                                                          
  Required (ns):               17.091                                                                          

Path 61
  From:                        COREAXITOAHBL_1/U_AHBMasterCtrl/wrFIFORdAddr[0]:CLK
  To:                          MSS_SUBSYSTEM_sb_0/MSS_SUBSYSTEM_sb_MSS_0/MSS_ADLIB_INST/INST_MSS_120_IP:F_WDATA_HWDATA01[24]
  Delay (ns):                  9.747                                                                           
  Slack (ns):                  1.016                                                                           
  Arrival (ns):                16.067                                                                          
  Required (ns):               17.083                                                                          

Path 62
  From:                        COREAXITOAHBL_1/U_AHBMasterCtrl/wrFIFORdAddr[3]:CLK
  To:                          MSS_SUBSYSTEM_sb_0/MSS_SUBSYSTEM_sb_MSS_0/MSS_ADLIB_INST/INST_MSS_120_IP:F_WDATA_HWDATA01[19]
  Delay (ns):                  9.698                                                                           
  Slack (ns):                  1.017                                                                           
  Arrival (ns):                16.024                                                                          
  Required (ns):               17.041                                                                          

Path 63
  From:                        COREAXITOAHBL_1/U_AHBMasterCtrl/wrFIFORdAddr[2]:CLK
  To:                          MSS_SUBSYSTEM_sb_0/MSS_SUBSYSTEM_sb_MSS_0/MSS_ADLIB_INST/INST_MSS_120_IP:F_WDATA_HWDATA01[10]
  Delay (ns):                  9.793                                                                           
  Slack (ns):                  1.024                                                                           
  Arrival (ns):                16.118                                                                          
  Required (ns):               17.142                                                                          

Path 64
  From:                        COREAXITOAHBL_1/U_AHBMasterCtrl/wrFIFORdAddr[2]:CLK
  To:                          MSS_SUBSYSTEM_sb_0/MSS_SUBSYSTEM_sb_MSS_0/MSS_ADLIB_INST/INST_MSS_120_IP:F_WDATA_HWDATA01[27]
  Delay (ns):                  9.774                                                                           
  Slack (ns):                  1.026                                                                           
  Arrival (ns):                16.099                                                                          
  Required (ns):               17.125                                                                          

Path 65
  From:                        COREAXITOAHBL_1/U_AHBMasterCtrl/currState[6]:CLK
  To:                          MSS_SUBSYSTEM_sb_0/MSS_SUBSYSTEM_sb_MSS_0/MSS_ADLIB_INST/INST_MSS_120_IP:F_WDATA_HWDATA01[31]
  Delay (ns):                  9.676                                                                           
  Slack (ns):                  1.028                                                                           
  Arrival (ns):                15.979                                                                          
  Required (ns):               17.007                                                                          

Path 66
  From:                        COREAXITOAHBL_1/U_AHBMasterCtrl/wrFIFORdAddr[2]:CLK
  To:                          MSS_SUBSYSTEM_sb_0/MSS_SUBSYSTEM_sb_MSS_0/MSS_ADLIB_INST/INST_MSS_120_IP:F_WDATA_HWDATA01[8]
  Delay (ns):                  9.703                                                                           
  Slack (ns):                  1.035                                                                           
  Arrival (ns):                16.028                                                                          
  Required (ns):               17.063                                                                          

Path 67
  From:                        COREAXITOAHBL_1/U_AHBMasterCtrl/wrFIFORdAddr[2]:CLK
  To:                          MSS_SUBSYSTEM_sb_0/MSS_SUBSYSTEM_sb_MSS_0/MSS_ADLIB_INST/INST_MSS_120_IP:F_WDATA_HWDATA01[12]
  Delay (ns):                  9.824                                                                           
  Slack (ns):                  1.047                                                                           
  Arrival (ns):                16.149                                                                          
  Required (ns):               17.196                                                                          

Path 68
  From:                        COREAXITOAHBL_1/U_AHBMasterCtrl/wrFIFORdAddr[2]:CLK
  To:                          MSS_SUBSYSTEM_sb_0/MSS_SUBSYSTEM_sb_MSS_0/MSS_ADLIB_INST/INST_MSS_120_IP:F_WDATA_HWDATA01[18]
  Delay (ns):                  9.731                                                                           
  Slack (ns):                  1.047                                                                           
  Arrival (ns):                16.056                                                                          
  Required (ns):               17.103                                                                          

Path 69
  From:                        COREAXITOAHBL_1/U_AHBMasterCtrl/wrFIFORdAddr[3]:CLK
  To:                          MSS_SUBSYSTEM_sb_0/MSS_SUBSYSTEM_sb_MSS_0/MSS_ADLIB_INST/INST_MSS_120_IP:F_WDATA_HWDATA01[27]
  Delay (ns):                  9.663                                                                           
  Slack (ns):                  1.049                                                                           
  Arrival (ns):                15.989                                                                          
  Required (ns):               17.038                                                                          

Path 70
  From:                        COREAXITOAHBL_1/U_AHBMasterCtrl/wrFIFORdAddr[2]:CLK
  To:                          MSS_SUBSYSTEM_sb_0/MSS_SUBSYSTEM_sb_MSS_0/MSS_ADLIB_INST/INST_MSS_120_IP:F_WDATA_HWDATA01[28]
  Delay (ns):                  9.717                                                                           
  Slack (ns):                  1.051                                                                           
  Arrival (ns):                16.042                                                                          
  Required (ns):               17.093                                                                          

Path 71
  From:                        COREAXITOAHBL_1/U_AHBMasterCtrl/wrFIFORdAddr[0]:CLK
  To:                          MSS_SUBSYSTEM_sb_0/MSS_SUBSYSTEM_sb_MSS_0/MSS_ADLIB_INST/INST_MSS_120_IP:F_WDATA_HWDATA01[26]
  Delay (ns):                  9.696                                                                           
  Slack (ns):                  1.051                                                                           
  Arrival (ns):                16.016                                                                          
  Required (ns):               17.067                                                                          

Path 72
  From:                        COREAXITOAHBL_1/U_AHBMasterCtrl/wrFIFORdAddr[3]:CLK
  To:                          MSS_SUBSYSTEM_sb_0/MSS_SUBSYSTEM_sb_MSS_0/MSS_ADLIB_INST/INST_MSS_120_IP:F_WDATA_HWDATA01[12]
  Delay (ns):                  9.816                                                                           
  Slack (ns):                  1.054                                                                           
  Arrival (ns):                16.142                                                                          
  Required (ns):               17.196                                                                          

Path 73
  From:                        COREAXITOAHBL_1/U_AHBMasterCtrl/wrFIFORdAddr[0]:CLK
  To:                          MSS_SUBSYSTEM_sb_0/MSS_SUBSYSTEM_sb_MSS_0/MSS_ADLIB_INST/INST_MSS_120_IP:F_WDATA_HWDATA01[25]
  Delay (ns):                  9.661                                                                           
  Slack (ns):                  1.058                                                                           
  Arrival (ns):                15.981                                                                          
  Required (ns):               17.039                                                                          

Path 74
  From:                        COREAXITOAHBL_1/U_AHBMasterCtrl/wrFIFORdAddr[0]:CLK
  To:                          MSS_SUBSYSTEM_sb_0/MSS_SUBSYSTEM_sb_MSS_0/MSS_ADLIB_INST/INST_MSS_120_IP:F_WDATA_HWDATA01[30]
  Delay (ns):                  9.728                                                                           
  Slack (ns):                  1.060                                                                           
  Arrival (ns):                16.048                                                                          
  Required (ns):               17.108                                                                          

Path 75
  From:                        COREAXITOAHBL_1/U_AHBMasterCtrl/currState[6]:CLK
  To:                          MSS_SUBSYSTEM_sb_0/MSS_SUBSYSTEM_sb_MSS_0/MSS_ADLIB_INST/INST_MSS_120_IP:F_WDATA_HWDATA01[25]
  Delay (ns):                  9.670                                                                           
  Slack (ns):                  1.066                                                                           
  Arrival (ns):                15.973                                                                          
  Required (ns):               17.039                                                                          

Path 76
  From:                        COREAXITOAHBL_1/U_AHBMasterCtrl/wrFIFORdAddr[3]:CLK
  To:                          MSS_SUBSYSTEM_sb_0/MSS_SUBSYSTEM_sb_MSS_0/MSS_ADLIB_INST/INST_MSS_120_IP:F_WDATA_HWDATA01[18]
  Delay (ns):                  9.631                                                                           
  Slack (ns):                  1.067                                                                           
  Arrival (ns):                15.957                                                                          
  Required (ns):               17.024                                                                          

Path 77
  From:                        COREAXITOAHBL_1/U_AHBMasterCtrl/wrFIFORdAddr[3]:CLK
  To:                          MSS_SUBSYSTEM_sb_0/MSS_SUBSYSTEM_sb_MSS_0/MSS_ADLIB_INST/INST_MSS_120_IP:F_WDATA_HWDATA01[28]
  Delay (ns):                  9.607                                                                           
  Slack (ns):                  1.086                                                                           
  Arrival (ns):                15.933                                                                          
  Required (ns):               17.019                                                                          

Path 78
  From:                        COREAXITOAHBL_1/U_AHBMasterCtrl/wrFIFORdAddr[0]:CLK
  To:                          MSS_SUBSYSTEM_sb_0/MSS_SUBSYSTEM_sb_MSS_0/MSS_ADLIB_INST/INST_MSS_120_IP:F_WDATA_HWDATA01[21]
  Delay (ns):                  9.786                                                                           
  Slack (ns):                  1.088                                                                           
  Arrival (ns):                16.106                                                                          
  Required (ns):               17.194                                                                          

Path 79
  From:                        COREAXITOAHBL_1/U_AHBMasterCtrl/currState[7]:CLK
  To:                          MSS_SUBSYSTEM_sb_0/MSS_SUBSYSTEM_sb_MSS_0/MSS_ADLIB_INST/INST_MSS_120_IP:F_WDATA_HWDATA01[26]
  Delay (ns):                  9.661                                                                           
  Slack (ns):                  1.089                                                                           
  Arrival (ns):                15.978                                                                          
  Required (ns):               17.067                                                                          

Path 80
  From:                        COREAXITOAHBL_1/U_AHBMasterCtrl/currState[7]:CLK
  To:                          MSS_SUBSYSTEM_sb_0/MSS_SUBSYSTEM_sb_MSS_0/MSS_ADLIB_INST/INST_MSS_120_IP:F_WDATA_HWDATA01[2]
  Delay (ns):                  9.520                                                                           
  Slack (ns):                  1.094                                                                           
  Arrival (ns):                15.837                                                                          
  Required (ns):               16.931                                                                          

Path 81
  From:                        COREAXITOAHBL_1/U_AHBMasterCtrl/currState[7]:CLK
  To:                          MSS_SUBSYSTEM_sb_0/MSS_SUBSYSTEM_sb_MSS_0/MSS_ADLIB_INST/INST_MSS_120_IP:F_WDATA_HWDATA01[31]
  Delay (ns):                  9.575                                                                           
  Slack (ns):                  1.115                                                                           
  Arrival (ns):                15.892                                                                          
  Required (ns):               17.007                                                                          

Path 82
  From:                        COREAXITOAHBL_1/U_AHBMasterCtrl/wrFIFORdAddr[3]:CLK
  To:                          MSS_SUBSYSTEM_sb_0/MSS_SUBSYSTEM_sb_MSS_0/MSS_ADLIB_INST/INST_MSS_120_IP:F_WDATA_HWDATA01[8]
  Delay (ns):                  9.621                                                                           
  Slack (ns):                  1.116                                                                           
  Arrival (ns):                15.947                                                                          
  Required (ns):               17.063                                                                          

Path 83
  From:                        COREAXITOAHBL_1/U_AHBMasterCtrl/wrFIFORdAddr[1]:CLK
  To:                          MSS_SUBSYSTEM_sb_0/MSS_SUBSYSTEM_sb_MSS_0/MSS_ADLIB_INST/INST_MSS_120_IP:F_WDATA_HWDATA01[7]
  Delay (ns):                  9.620                                                                           
  Slack (ns):                  1.118                                                                           
  Arrival (ns):                15.929                                                                          
  Required (ns):               17.047                                                                          

Path 84
  From:                        COREAXITOAHBL_1/U_AHBMasterCtrl/wrFIFORdAddr[0]:CLK
  To:                          MSS_SUBSYSTEM_sb_0/MSS_SUBSYSTEM_sb_MSS_0/MSS_ADLIB_INST/INST_MSS_120_IP:F_WDATA_HWDATA01[7]
  Delay (ns):                  9.603                                                                           
  Slack (ns):                  1.124                                                                           
  Arrival (ns):                15.923                                                                          
  Required (ns):               17.047                                                                          

Path 85
  From:                        CORERISCV_AXI4_0/ChiselTop0/RocketTile_1/icache/icache/T_974_T_974_0_2/INST_RAM1K18_IP:A_DOUT_CLK
  To:                          CORERISCV_AXI4_0/ChiselTop0/RocketTile_1/icache/icache/T_974_T_974_0_3/INST_RAM1K18_IP:A_ADDR[12]
  Delay (ns):                  10.767                                                                          
  Slack (ns):                  1.125                                                                           
  Arrival (ns):                17.239                                                                          
  Required (ns):               18.364                                                                          

Path 86
  From:                        COREAXITOAHBL_1/U_AHBMasterCtrl/wrFIFORdAddr[3]:CLK
  To:                          MSS_SUBSYSTEM_sb_0/MSS_SUBSYSTEM_sb_MSS_0/MSS_ADLIB_INST/INST_MSS_120_IP:F_WDATA_HWDATA01[10]
  Delay (ns):                  9.686                                                                           
  Slack (ns):                  1.130                                                                           
  Arrival (ns):                16.012                                                                          
  Required (ns):               17.142                                                                          

Path 87
  From:                        COREAXITOAHBL_1/U_AHBMasterCtrl/currState[7]:CLK
  To:                          MSS_SUBSYSTEM_sb_0/MSS_SUBSYSTEM_sb_MSS_0/MSS_ADLIB_INST/INST_MSS_120_IP:F_WDATA_HWDATA01[25]
  Delay (ns):                  9.569                                                                           
  Slack (ns):                  1.153                                                                           
  Arrival (ns):                15.886                                                                          
  Required (ns):               17.039                                                                          

Path 88
  From:                        COREAXITOAHBL_1/U_AHBMasterCtrl/currState[6]:CLK
  To:                          MSS_SUBSYSTEM_sb_0/MSS_SUBSYSTEM_sb_MSS_0/MSS_ADLIB_INST/INST_MSS_120_IP:F_WDATA_HWDATA01[6]
  Delay (ns):                  9.603                                                                           
  Slack (ns):                  1.159                                                                           
  Arrival (ns):                15.906                                                                          
  Required (ns):               17.065                                                                          

Path 89
  From:                        COREAXITOAHBL_1/U_AHBMasterCtrl/HADDRInt[2]:CLK
  To:                          MSS_SUBSYSTEM_sb_0/MSS_SUBSYSTEM_sb_MSS_0/MSS_ADLIB_INST/INST_MSS_120_IP:F_WDATA_HWDATA01[26]
  Delay (ns):                  9.630                                                                           
  Slack (ns):                  1.165                                                                           
  Arrival (ns):                15.902                                                                          
  Required (ns):               17.067                                                                          

Path 90
  From:                        COREAXITOAHBL_1/U_AHBMasterCtrl/wrFIFORdAddr[2]:CLK
  To:                          MSS_SUBSYSTEM_sb_0/MSS_SUBSYSTEM_sb_MSS_0/MSS_ADLIB_INST/INST_MSS_120_IP:F_WDATA_HWDATA01[4]
  Delay (ns):                  9.524                                                                           
  Slack (ns):                  1.168                                                                           
  Arrival (ns):                15.849                                                                          
  Required (ns):               17.017                                                                          

Path 91
  From:                        COREAXITOAHBL_1/U_AHBMasterCtrl/HADDRInt[2]:CLK
  To:                          MSS_SUBSYSTEM_sb_0/MSS_SUBSYSTEM_sb_MSS_0/MSS_ADLIB_INST/INST_MSS_120_IP:F_WDATA_HWDATA01[2]
  Delay (ns):                  9.489                                                                           
  Slack (ns):                  1.170                                                                           
  Arrival (ns):                15.761                                                                          
  Required (ns):               16.931                                                                          

Path 92
  From:                        CORERISCV_AXI4_0/ChiselTop0/RocketTile_1/icache/icache/T_974_T_974_0_2/INST_RAM1K18_IP:A_DOUT_CLK
  To:                          CORERISCV_AXI4_0/ChiselTop0/RocketTile_1/icache/icache/T_974_T_974_0_1/INST_RAM1K18_IP:A_ADDR[12]
  Delay (ns):                  10.717                                                                          
  Slack (ns):                  1.171                                                                           
  Arrival (ns):                17.189                                                                          
  Required (ns):               18.360                                                                          

Path 93
  From:                        COREAXITOAHBL_1/U_AHBMasterCtrl/HADDRInt[2]:CLK
  To:                          MSS_SUBSYSTEM_sb_0/MSS_SUBSYSTEM_sb_MSS_0/MSS_ADLIB_INST/INST_MSS_120_IP:F_WDATA_HWDATA01[31]
  Delay (ns):                  9.544                                                                           
  Slack (ns):                  1.191                                                                           
  Arrival (ns):                15.816                                                                          
  Required (ns):               17.007                                                                          

Path 94
  From:                        COREAXITOAHBL_1/U_AHBMasterCtrl/currState[6]:CLK
  To:                          MSS_SUBSYSTEM_sb_0/MSS_SUBSYSTEM_sb_MSS_0/MSS_ADLIB_INST/INST_MSS_120_IP:F_WDATA_HWDATA01[10]
  Delay (ns):                  9.639                                                                           
  Slack (ns):                  1.200                                                                           
  Arrival (ns):                15.942                                                                          
  Required (ns):               17.142                                                                          

Path 95
  From:                        COREAXITOAHBL_1/U_AHBMasterCtrl/currState[6]:CLK
  To:                          MSS_SUBSYSTEM_sb_0/MSS_SUBSYSTEM_sb_MSS_0/MSS_ADLIB_INST/INST_MSS_120_IP:F_WDATA_HWDATA01[8]
  Delay (ns):                  9.551                                                                           
  Slack (ns):                  1.209                                                                           
  Arrival (ns):                15.854                                                                          
  Required (ns):               17.063                                                                          

Path 96
  From:                        COREAXITOAHBL_1/U_AHBMasterCtrl/HADDRInt[2]:CLK
  To:                          MSS_SUBSYSTEM_sb_0/MSS_SUBSYSTEM_sb_MSS_0/MSS_ADLIB_INST/INST_MSS_120_IP:F_WDATA_HWDATA01[25]
  Delay (ns):                  9.538                                                                           
  Slack (ns):                  1.229                                                                           
  Arrival (ns):                15.810                                                                          
  Required (ns):               17.039                                                                          

Path 97
  From:                        COREAXITOAHBL_1/U_AHBMasterCtrl/currState[7]:CLK
  To:                          MSS_SUBSYSTEM_sb_0/MSS_SUBSYSTEM_sb_MSS_0/MSS_ADLIB_INST/INST_MSS_120_IP:F_WDATA_HWDATA01[6]
  Delay (ns):                  9.502                                                                           
  Slack (ns):                  1.246                                                                           
  Arrival (ns):                15.819                                                                          
  Required (ns):               17.065                                                                          

Path 98
  From:                        COREAXITOAHBL_1/U_AHBMasterCtrl/currState[6]:CLK
  To:                          MSS_SUBSYSTEM_sb_0/MSS_SUBSYSTEM_sb_MSS_0/MSS_ADLIB_INST/INST_MSS_120_IP:F_WDATA_HWDATA01[23]
  Delay (ns):                  9.558                                                                           
  Slack (ns):                  1.253                                                                           
  Arrival (ns):                15.861                                                                          
  Required (ns):               17.114                                                                          

Path 99
  From:                        COREAXITOAHBL_1/U_AHBMasterCtrl/currState[6]:CLK
  To:                          MSS_SUBSYSTEM_sb_0/MSS_SUBSYSTEM_sb_MSS_0/MSS_ADLIB_INST/INST_MSS_120_IP:F_WDATA_HWDATA01[16]
  Delay (ns):                  9.636                                                                           
  Slack (ns):                  1.254                                                                           
  Arrival (ns):                15.939                                                                          
  Required (ns):               17.193                                                                          

Path 100
  From:                        COREAXITOAHBL_1/U_AHBMasterCtrl/wrFIFORdAddr[3]:CLK
  To:                          MSS_SUBSYSTEM_sb_0/MSS_SUBSYSTEM_sb_MSS_0/MSS_ADLIB_INST/INST_MSS_120_IP:F_WDATA_HWDATA01[4]
  Delay (ns):                  9.431                                                                           
  Slack (ns):                  1.260                                                                           
  Arrival (ns):                15.757                                                                          
  Required (ns):               17.017                                                                          

